Microchip Technology Inc, v2.10 (B)

Tool Name:
  c:\program files\microchip\xc16\v2.10\bin\bin\..\bin/elf-ld.exe

Command:
  -p33EP256GP506 \
  --mdfp=C:/Program Files/Microchip/MPLABX/v6.20/packs/Microchip/dsPIC33E-GM-GP-MC-GU-MU_DFP/1.5.258/xc16 \
  -o \
  dist/default/production/OBD-interpreter-on-dsPIC.X.production.elf \
  -Lc:/program files/microchip/xc16/v2.10/bin/bin/.. \
  -LC:/Program Files/Microchip/MPLABX/v6.20/packs/Microchip/dsPIC33E-GM-GP-MC-GU-MU_DFP/1.5.258/xc16/bin/../support/PIC24E/gld \
  -LC:/Program Files/Microchip/MPLABX/v6.20/packs/Microchip/dsPIC33E-GM-GP-MC-GU-MU_DFP/1.5.258/xc16/bin/../support/dsPIC33E/gld \
  -Lc:/program files/microchip/xc16/v2.10/bin/bin/../../lib \
  -Lc:/program files/microchip/xc16/v2.10/bin/bin/../../support/PIC24E/gld \
  -Lc:/program files/microchip/xc16/v2.10/bin/bin/../../support/PIC24F/gld \
  -Lc:/program files/microchip/xc16/v2.10/bin/bin/../../support/PIC24H/gld \
  -Lc:/program files/microchip/xc16/v2.10/bin/bin/../../support/dsPIC30F/gld \
  -Lc:/program files/microchip/xc16/v2.10/bin/bin/../../support/dsPIC33C/gld \
  -Lc:/program files/microchip/xc16/v2.10/bin/bin/../../support/dsPIC33E/gld \
  -Lc:/program files/microchip/xc16/v2.10/bin/bin/../../support/dsPIC33F/gld \
  build/default/production/mcc_generated_files/mcc.o \
  build/default/production/mcc_generated_files/where_was_i.o \
  build/default/production/mcc_generated_files/pin_manager.o \
  build/default/production/mcc_generated_files/traps.o \
  build/default/production/mcc_generated_files/reset.o \
  build/default/production/mcc_generated_files/clock.o \
  build/default/production/mcc_generated_files/interrupt_manager.o \
  build/default/production/mcc_generated_files/system.o \
  build/default/production/flash.o \
  build/default/production/mcc_generated_files/tmr1.o \
  build/default/production/mcc_generated_files/uart1.o \
  build/default/production/main.o \
  build/default/production/nvmpic.o \
  build/default/production/commands.o \
  build/default/production/at.o \
  build/default/production/PM.o \
  build/default/production/ADC1.o \
  --local-stack \
  --defsym=__MPLAB_BUILD=1 \
  -Tp33EP256GP506.gld.00 \
  --stack=16 \
  --check-sections \
  --data-init \
  --pack-data \
  --handles \
  --isr \
  --no-gc-sections \
  --fill-upper=0 \
  --stackguard=16 \
  --no-force-link \
  --smart-io \
  -Map=dist/default/production/OBD-interpreter-on-dsPIC.X.production.map \
  --report-mem \
  --memorysummary \
  dist/default/production/memoryfile.xml \
  -start-group \
  --library=c99-pic30-elf \
  --library=m-elf \
  --library=c99-elf \
  -end-group \


Optional library libp33EP256GP506.a not found
Archive member included because of file (symbol)

c:/program files/microchip/xc16/v2.10/bin/bin/../../lib\libc99-pic30-elf.a(crt0_extendedep.o)
                              (__resetPRI)
c:/program files/microchip/xc16/v2.10/bin/bin/../../lib\libc99-pic30-elf.a(data_init_extended.o)
                              c:/program files/microchip/xc16/v2.10/bin/bin/../../lib\libc99-pic30-elf.a(crt0_extendedep.o) (__data_init_extended)
c:/program files/microchip/xc16/v2.10/bin/bin/../../lib\libc99-pic30-elf.a(crt_start_mode_normalep.Meo)
                              (__crt_start_mode_normal)
c:/program files/microchip/xc16/v2.10/bin/bin/../../lib\libc99-pic30-elf.a(divsi3.EP_o)
                              build/default/production/mcc_generated_files/uart1.o (___divsi3)
c:/program files/microchip/xc16/v2.10/bin/bin/../../lib\libc99-pic30-elf.a(feqltle.EP_o)
                              build/default/production/commands.o (___ltsf2)
c:/program files/microchip/xc16/v2.10/bin/bin/../../lib\libc99-pic30-elf.a(fgtge.EP_o)
                              build/default/production/PM.o (___gtsf2)
c:/program files/microchip/xc16/v2.10/bin/bin/../../lib\libc99-pic30-elf.a(fixunssfsi.EP_o)
                              build/default/production/mcc_generated_files/uart1.o (___fixunssfsi)
c:/program files/microchip/xc16/v2.10/bin/bin/../../lib\libc99-pic30-elf.a(floatunsisf.EP_o)
                              build/default/production/mcc_generated_files/uart1.o (___floatunsisf)
c:/program files/microchip/xc16/v2.10/bin/bin/../../lib\libc99-pic30-elf.a(funpack.EP_o)
                              c:/program files/microchip/xc16/v2.10/bin/bin/../../lib\libc99-pic30-elf.a(fixunssfsi.EP_o) (__funpack)
c:/program files/microchip/xc16/v2.10/bin/bin/../../lib\libc99-pic30-elf.a(udivsi3.EP_o)
                              build/default/production/mcc_generated_files/uart1.o (___udivsi3)
c:/program files/microchip/xc16/v2.10/bin/bin/../../lib\libc99-pic30-elf.a(addsf3x.EP_o)
                              build/default/production/PM.o (___subsf3)
c:/program files/microchip/xc16/v2.10/bin/bin/../../lib\libc99-pic30-elf.a(divsf3x.EP_o)
                              build/default/production/mcc_generated_files/uart1.o (___divsf3)
c:/program files/microchip/xc16/v2.10/bin/bin/../../lib\libc99-pic30-elf.a(mulsf3x.EP_o)
[...]
Memory Configuration

Name             Origin             Length             Attributes
data             0x001000           0x008000           a !xr
reset            0x000000           0x000004  
ivt              0x000004           0x0001fc  
program          0x000200           0x02adec           xr
FICD             0x02aff0           0x000002  
FPOR             0x02aff2           0x000002  
FWDT             0x02aff4           0x000002  
FOSC             0x02aff6           0x000002  
FOSCSEL          0x02aff8           0x000002  
FGS              0x02affa           0x000002  
FUID0            0x800ff8           0x000002  
FUID1            0x800ffa           0x000002  
FUID2            0x800ffc           0x000002  
FUID3            0x800ffe           0x000002  
*default*        0x000000           0xffffffff  

Linker script and memory map

LOAD build/default/production/mcc_generated_files/mcc.o
LOAD build/default/production/mcc_generated_files/where_was_i.o
LOAD build/default/production/mcc_generated_files/pin_manager.o
LOAD build/default/production/mcc_generated_files/traps.o
LOAD build/default/production/mcc_generated_files/reset.o
LOAD build/default/production/mcc_generated_files/clock.o
LOAD build/default/production/mcc_generated_files/interrupt_manager.o
LOAD build/default/production/mcc_generated_files/system.o
LOAD build/default/production/flash.o
LOAD build/default/production/mcc_generated_files/tmr1.o
LOAD build/default/production/mcc_generated_files/uart1.o
LOAD build/default/production/main.o
LOAD build/default/production/nvmpic.o
LOAD build/default/production/commands.o
LOAD build/default/production/at.o
LOAD build/default/production/PM.o
LOAD build/default/production/ADC1.o
                    0x0001                  __MPLAB_BUILD = 0x1
LOAD p33EP256GP506
LOAD c:/program files/microchip/xc16/v2.10/bin/bin/../../lib\libfx-elf.a
                    0x2aff0                  __FICD = 0x2aff0
                    0x2aff2                  __FPOR = 0x2aff2
                    0x2aff4                  __FWDT = 0x2aff4
                    0x2aff6                  __FOSC = 0x2aff6
                    0x2aff8                  __FOSCSEL = 0x2aff8
                    0x2affa                  __FGS = 0x2affa
                    0x800ff8                  __FUID0 = 0x800ff8
                    0x800ffa                  __FUID1 = 0x800ffa
                    0x800ffc                  __FUID2 = 0x800ffc
                    0x800ffe                  __FUID3 = 0x800ffe
                    0x0200                  __CODE_BASE = 0x200
                    0x2adec                  __CODE_LENGTH = 0x2adec
                    0x0004                  __IVT_BASE = 0x4
                    0x1000                  __DATA_BASE = 0x1000
                    0x8000                  __DATA_LENGTH = 0x8000
                    0x5000                  __YDATA_BASE = 0x5000
                    0x9000                  __YDATA_END = 0x9000

.reset            0x000000          0x4
                  0x000000          0x2 SHORT 0x200 ABSOLUTE (__reset)
                  0x000001          0x2 SHORT 0x4
                  0x000002          0x2 SHORT 0x0 ((ABSOLUTE (__reset) >> 0x10) & 0x7f)
                  0x000003          0x2 SHORT 0x0

.text             0x000200       0x57c8
 *(.init)
 .init            0x000200         0x48 c:/program files/microchip/xc16/v2.10/bin/bin/../../lib\libc99-pic30-elf.a(crt0_extendedep.o)
                  0x000200                  __resetPRI
                  0x000200                  __reset
                  0x00023c                  __psv_init
 .init            0x000248         0xb2 c:/program files/microchip/xc16/v2.10/bin/bin/../../lib\libc99-pic30-elf.a(data_init_extended.o)
                  0x000248                  __data_init
                  0x000248                  __data_init_extended
 *(.user_init)
 *(.handle)
 .handle          0x0002fa         0x24 jump_table
 *(.isr*)
 .isr.text        0x00031e         0xee build/default/production/mcc_generated_files/traps.o
                  0x00031e                  __OscillatorFail
                  0x00033e                  __StackError
                  0x000360                  __AddressError
                  0x000380                  __MathError
                  0x0003a0                  __DMACError
                  0x0003c0                  __HardTrapError
                  0x0003e0                  __SoftTrapError
 .isr.text        0x00040c         0x5a build/default/production/mcc_generated_files/tmr1.o
                  0x00040c                  __T1Interrupt
 .isr.text        0x000466         0x4e build/default/production/mcc_generated_files/uart1.o
                  0x000466                  __U1RXInterrupt
 .isr.text        0x0004b4         0x34 build/default/production/PM.o
                  0x0004b4                  __CNInterrupt
 .isr.text        0x0004e8         0x4a build/default/production/ADC1.o
                  0x0004e8                  __AD1Interrupt
 .isr             0x000532          0x4 default_isr
                  0x000532                  __DefaultInterrupt
 *(.libc)
 .libc            0x000536         0x88 c:/program files/microchip/xc16/v2.10/bin/bin/../../lib\libc99-pic30-elf.a(readep.Meo)
                  0x000536                  _read
 .libc            0x0005be         0x12 c:/program files/microchip/xc16/v2.10/bin/bin/../../lib\libc99-pic30-elf.a(closeep.Meo)
                  0x0005be                  _close
 .libc            0x0005d0         0x84 c:/program files/microchip/xc16/v2.10/bin/bin/../../lib\libc99-pic30-elf.a(writeep.Meo)
                  0x0005d0                  _write
 .libc            0x000654         0x2a c:/program files/microchip/xc16/v2.10/bin/bin/../../lib\libc99-pic30-elf.a(sbrkep.Meo)
                  0x000654                  _sbrk
 .libc            0x00067e         0x1a c:/program files/microchip/xc16/v2.10/bin/bin/../../lib\libc99-pic30-elf.a(brkep.Meo)
                  0x00067e                  _brk
 *(.libm)
 *(.libdsp)
 *(.lib*)
 .libpic30_crt_start_mode
                  0x000698          0x2 c:/program files/microchip/xc16/v2.10/bin/bin/../../lib\libc99-pic30-elf.a(crt_start_mode_normalep.Meo)
                  0x000698                  __crt_start_mode
                  0x000698                  __crt_start_mode_normal
 .libm.divsi3     0x00069a         0x1e c:/program files/microchip/xc16/v2.10/bin/bin/../../lib\libc99-pic30-elf.a(divsi3.EP_o)
                  0x00069a                  ___divsi3
 .libm.eqsf2      0x0006b8          0x4 c:/program files/microchip/xc16/v2.10/bin/bin/../../lib\libc99-pic30-elf.a(feqltle.EP_o)
                  0x0006b8                  ___eqsf2
                  0x0006b8                  ___ltsf2
                  0x0006b8                  ___lesf2
 .libm.gtsf2      0x0006bc          0x4 c:/program files/microchip/xc16/v2.10/bin/bin/../../lib\libc99-pic30-elf.a(fgtge.EP_o)
                  0x0006bc                  ___gesf2
                  0x0006bc                  ___gtsf2
 .libm.fixunssfsi
                  0x0006c0         0x36 c:/program files/microchip/xc16/v2.10/bin/bin/../../lib\libc99-pic30-elf.a(fixunssfsi.EP_o)
                  0x0006c0                  ___fixunssfsi
 .libm.floatunsisf
                  0x0006f6          0x4 c:/program files/microchip/xc16/v2.10/bin/bin/../../lib\libc99-pic30-elf.a(floatunsisf.EP_o)
                  0x0006f6                  ___floatunsisf
 .libm.funpack    0x0006fa         0x2a c:/program files/microchip/xc16/v2.10/bin/bin/../../lib\libc99-pic30-elf.a(funpack.EP_o)
                  0x0006fa                  __funpack
 .libm.udivsi3    0x000724         0x20 c:/program files/microchip/xc16/v2.10/bin/bin/../../lib\libc99-pic30-elf.a(udivsi3.EP_o)
                  0x000724                  ___udivsi3
 .libmx           0x000744        0x1dc c:/program files/microchip/xc16/v2.10/bin/bin/../../lib\libc99-pic30-elf.a(addsf3x.EP_o)
                  0x000744                  ___subsf3x
                  0x000744                  ___subsf3
                  0x000756                  ___addsf3x
                  0x000756                  ___addsf3
 .libmx           0x000920        0x1be c:/program files/microchip/xc16/v2.10/bin/bin/../../lib\libc99-pic30-elf.a(divsf3x.EP_o)
                  0x000920                  ___divsf3x
                  0x000920                  ___divsf3
                  0x000ab2                  __sdivf
 .libmx           0x000ade        0x10c c:/program files/microchip/xc16/v2.10/bin/bin/../../lib\libc99-pic30-elf.a(mulsf3x.EP_o)
                  0x000ade                  ___mulsf3x
                  0x000ade                  ___mulsf3
 .libmx           0x000bea         0x54 c:/program files/microchip/xc16/v2.10/bin/bin/../../lib\libc99-pic30-elf.a(dnrmpackfx.EP_o)
                  0x000bea                  __dnrmpackf
 .libmx           0x000c3e         0x5e c:/program files/microchip/xc16/v2.10/bin/bin/../../lib\libc99-pic30-elf.a(unpackdnrmfx.EP_o)
                  0x000c3e                  __unpackdnrmf
 .libmx           0x000c9c         0x34 c:/program files/microchip/xc16/v2.10/bin/bin/../../lib\libc99-pic30-elf.a(typefx.EP_o)
                  0x000c9c                  __typef
 .libmx           0x000cd0         0x12 c:/program files/microchip/xc16/v2.10/bin/bin/../../lib\libc99-pic30-elf.a(propnanfx.EP_o)
                  0x000cd0                  __propnanf
 .libmx           0x000ce2         0xa6 c:/program files/microchip/xc16/v2.10/bin/bin/../../lib\libc99-pic30-elf.a(spackfx.EP_o)
                  0x000ce2                  __spackf
 .libmx           0x000d88         0x66 c:/program files/microchip/xc16/v2.10/bin/bin/../../lib\libc99-pic30-elf.a(unpackfx.EP_o)
                  0x000d88                  __unpackf
 .libm.fcompare
                  0x000dee         0x36 c:/program files/microchip/xc16/v2.10/bin/bin/../../lib\libc99-pic30-elf.a(fcompare.EP_o)
                  0x000dee                  __fcompare
 .libm.floatundisf
                  0x000e24         0x5e c:/program files/microchip/xc16/v2.10/bin/bin/../../lib\libc99-pic30-elf.a(floatundisf.EP_o)
                  0x000e24                  ___floatundisf
 .libm.fpack      0x000e82         0x4c c:/program files/microchip/xc16/v2.10/bin/bin/../../lib\libc99-pic30-elf.a(fpack.EP_o)
                  0x000e82                  __fpack
 .libm.funpack2
                  0x000ece         0x10 c:/program files/microchip/xc16/v2.10/bin/bin/../../lib\libc99-pic30-elf.a(funpack2.EP_o)
                  0x000ece                  __funpack2
 .libc.__wrap_snprintf
                  0x000ede          0xc c:/program files/microchip/xc16/v2.10/bin/bin/../../lib\libc99-elf.a(__sio_snprintf_dfosux.EP_o)
                  0x000ede                  __dsnprintf_cdeEfFgGnopsuxX
                  0x000ede                  __snprintf_cdeEfFgGnopsuxX
                  0x000ede                  __dsnprintf_cdeEnopsuxX
                  0x000ede                  __snprintf_cdeEnopsuxX
                  0x000ede                  __snprintf_cdeEfFnopsuxX
                  0x000ede                  __snprintf_cdeEgGnopsuxX
                  0x000ede                  __dsnprintf_cdeEgGnopsuxX
                  0x000ede                  __dsnprintf_cdeEfFnopsuxX
                  0x000ede                  __snprintf_cdfFgGnopsuxX
                  0x000ede                  __dsnprintf_cdfFnopsuxX
                  0x000ede                  __snprintf_cdfFnopsuxX
                  0x000ede                  __snprintf_cdgGnopsuxX
                  0x000ede                  __dsnprintf_cdgGnopsuxX
                  0x000ede                  __dsnprintf_cdfFgGnopsuxX
 .libc.__sio_snprintf_dfosux
                  0x000eea         0x12 c:/program files/microchip/xc16/v2.10/bin/bin/../../lib\libc99-elf.a(__sio_snprintf_dfosux.EP_o)
                  0x000eea                  ___sio_snprintf_dfosux
 .libc.__wrap_sprintf
                  0x000efc          0xc c:/program files/microchip/xc16/v2.10/bin/bin/../../lib\libc99-elf.a(__sio_sprintf_dosux.EP_o)
                  0x000efc                  __dsprintf_cdnopsuxX
                  0x000efc                  __sprintf_cdnopsuxX
 .libc.__sio_sprintf_dosux
                  0x000f08          0xe c:/program files/microchip/xc16/v2.10/bin/bin/../../lib\libc99-elf.a(__sio_sprintf_dosux.EP_o)
                  0x000f08                  ___sio_sprintf_dosux
 .libc.__wrap_sprintf
                  0x000f16          0xc c:/program files/microchip/xc16/v2.10/bin/bin/../../lib\libc99-elf.a(__sio_sprintf_doux.EP_o)
                  0x000f16                  __sprintf_cdnopuxX
                  0x000f16                  __dsprintf_cdnopuxX
 .libc.__sio_sprintf_doux
                  0x000f22          0xe c:/program files/microchip/xc16/v2.10/bin/bin/../../lib\libc99-elf.a(__sio_sprintf_doux.EP_o)
                  0x000f22                  ___sio_sprintf_doux
 .libc.__wrap_sprintf
                  0x000f30          0xc c:/program files/microchip/xc16/v2.10/bin/bin/../../lib\libc99-elf.a(__sio_sprintf_s.EP_o)
                  0x000f30                  __sprintf_s
                  0x000f30                  __dsprintf_s
 .libc.__sio_sprintf_s
                  0x000f3c          0x2 c:/program files/microchip/xc16/v2.10/bin/bin/../../lib\libc99-elf.a(__sio_sprintf_s.EP_o)
                  0x000f3c                  ___sio_sprintf_s
 .libc.__wrap_sscanf
                  0x000f3e          0xc c:/program files/microchip/xc16/v2.10/bin/bin/../../lib\libc99-elf.a(__sio_sscanf_f.EP_o)
                  0x000f3e                  __dsscanf_fFgG
                  0x000f3e                  __dsscanf_fF
                  0x000f3e                  __sscanf_fFgG
                  0x000f3e                  __sscanf_fF
                  0x000f3e                  __dsscanf_eEfFgG
                  0x000f3e                  __dsscanf_eE
                  0x000f3e                  __sscanf_eEfF
                  0x000f3e                  __sscanf_eEfFgG
                  0x000f3e                  __dsscanf_eEfF
                  0x000f3e                  __dsscanf_gG
                  0x000f3e                  __dsscanf_eEgG
                  0x000f3e                  __sscanf_eEgG
                  0x000f3e                  __sscanf_eE
                  0x000f3e                  __sscanf_gG
 .libc.__sio_sscanf_f
                  0x000f4a          0x2 c:/program files/microchip/xc16/v2.10/bin/bin/../../lib\libc99-elf.a(__sio_sscanf_f.EP_o)
                  0x000f4a                  ___sio_sscanf_f
 .libc.memcpy     0x000f4c          0xe c:/program files/microchip/xc16/v2.10/bin/bin/../../lib\libc99-elf.a(memcpy.EP_o)
                  0x000f4c                  _memcpy
 .libc.strcmp     0x000f5a         0x16 c:/program files/microchip/xc16/v2.10/bin/bin/../../lib\libc99-elf.a(strcmp.EP_o)
                  0x000f5a                  _strcmp
 .libc.strcpy     0x000f70          0xe c:/program files/microchip/xc16/v2.10/bin/bin/../../lib\libc99-elf.a(strcpy.EP_o)
                  0x000f70                  _strcpy
 .libc.strncmp    0x000f7e         0x2a c:/program files/microchip/xc16/v2.10/bin/bin/../../lib\libc99-elf.a(strncmp.EP_o)
                  0x000f7e                  _strncmp
 .libc.twobyte_strstr
                  0x000fa8         0x2c c:/program files/microchip/xc16/v2.10/bin/bin/../../lib\libc99-elf.a(strstr.EP_o)
 .libc.threebyte_strstr
                  0x000fd4         0x5e c:/program files/microchip/xc16/v2.10/bin/bin/../../lib\libc99-elf.a(strstr.EP_o)
 .libc.fourbyte_strstr
                  0x001032         0x6c c:/program files/microchip/xc16/v2.10/bin/bin/../../lib\libc99-elf.a(strstr.EP_o)
 .libc.twoway_strstr
                  0x00109e        0x1a6 c:/program files/microchip/xc16/v2.10/bin/bin/../../lib\libc99-elf.a(strstr.EP_o)
 .libc.strstr     0x001244         0x5a c:/program files/microchip/xc16/v2.10/bin/bin/../../lib\libc99-elf.a(strstr.EP_o)
                  0x001244                  _strstr
 .libc.strtox     0x00129e         0x58 c:/program files/microchip/xc16/v2.10/bin/bin/../../lib\libc99-elf.a(strtod.EP_o)
 .libc.strtof     0x0012f6          0x6 c:/program files/microchip/xc16/v2.10/bin/bin/../../lib\libc99-elf.a(strtod.EP_o)
                  0x0012f6                  ___strtof_l
                  0x0012f6                  _strtof
                  0x0012f6                  _strtof_l
 .libc.strtod     0x0012fc          0x6 c:/program files/microchip/xc16/v2.10/bin/bin/../../lib\libc99-elf.a(strtod.EP_o)
                  0x0012fc                  ___strtod_l
                  0x0012fc                  _strtod
                  0x0012fc                  _strtod_l
 .libc.strtold    0x001302          0x4 c:/program files/microchip/xc16/v2.10/bin/bin/../../lib\libc99-elf.a(strtod.EP_o)
                  0x001302                  _strtold_l
                  0x001302                  _strtold
                  0x001302                  ___strtold_l
 .libc.strtox     0x001306         0x52 c:/program files/microchip/xc16/v2.10/bin/bin/../../lib\libc99-elf.a(strtol.EP_o)
 .libc.strtoull
                  0x001358          0x8 c:/program files/microchip/xc16/v2.10/bin/bin/../../lib\libc99-elf.a(strtol.EP_o)
                  0x001358                  ___strtoull_internal
                  0x001358                  _strtoull
 .libc.strtoll    0x001360          0x8 c:/program files/microchip/xc16/v2.10/bin/bin/../../lib\libc99-elf.a(strtol.EP_o)
                  0x001360                  _strtoll
                  0x001360                  ___strtoll_internal
 .libc.strtoul    0x001368          0x8 c:/program files/microchip/xc16/v2.10/bin/bin/../../lib\libc99-elf.a(strtol.EP_o)
                  0x001368                  _strtoul
                  0x001368                  ___strtoul_internal
 .libc.strtol     0x001370          0x8 c:/program files/microchip/xc16/v2.10/bin/bin/../../lib\libc99-elf.a(strtol.EP_o)
                  0x001370                  _strtol
                  0x001370                  ___strtol_internal
 .libc.strtoimax
                  0x001378          0x2 c:/program files/microchip/xc16/v2.10/bin/bin/../../lib\libc99-elf.a(strtol.EP_o)
                  0x001378                  ___strtoimax_internal
                  0x001378                  _strtoimax
 .libc.strtoumax
                  0x00137a          0x2 c:/program files/microchip/xc16/v2.10/bin/bin/../../lib\libc99-elf.a(strtol.EP_o)
                  0x00137a                  _strtoumax
                  0x00137a                  ___strtoumax_internal
 .libc.__fmt_d    0x00137c         0xb8 c:/program files/microchip/xc16/v2.10/bin/bin/../../lib\libc99-elf.a(__fmt_d.EP_o)
                  0x00137c                  ___fmt_d
                  0x00137c                  ___fmt_d_needed
 .libc.__LONG_DOUBLE_BITS
                  0x001434          0x2 c:/program files/microchip/xc16/v2.10/bin/bin/../../lib\libc99-elf.a(__fmt_fp.EP_o)
 .libc.__fmt_fp
                  0x001436        0x5a6 c:/program files/microchip/xc16/v2.10/bin/bin/../../lib\libc99-elf.a(__fmt_fp.EP_o)
                  0x001436                  ___fmt_f_needed
                  0x001436                  ___fmt_fp
 .libc.__fmt_o    0x0019dc         0x72 c:/program files/microchip/xc16/v2.10/bin/bin/../../lib\libc99-elf.a(__fmt_o.EP_o)
                  0x0019dc                  ___fmt_o
                  0x0019dc                  ___fmt_o_needed
 .libc.__fmt_s    0x001a4e         0x54 c:/program files/microchip/xc16/v2.10/bin/bin/../../lib\libc99-elf.a(__fmt_s.EP_o)
                  0x001a4e                  ___fmt_0_needed
                  0x001a4e                  ___fmt_s_needed
                  0x001a4e                  ___fmt_s
 .libc.__cvt_u    0x001aa2         0xa6 c:/program files/microchip/xc16/v2.10/bin/bin/../../lib\libc99-elf.a(__fmt_u.EP_o)
                  0x001aa2                  ___cvt_u
 .libc.__fmt_u    0x001b48         0x56 c:/program files/microchip/xc16/v2.10/bin/bin/../../lib\libc99-elf.a(__fmt_u.EP_o)
                  0x001b48                  ___fmt_u
                  0x001b48                  ___fmt_u_needed
 .libc.__fmt_x    0x001b9e        0x15e c:/program files/microchip/xc16/v2.10/bin/bin/../../lib\libc99-elf.a(__fmt_x.EP_o)
                  0x001b9e                  ___fmt_x_needed
                  0x001b9e                  ___fmt_x
 .libc.__vsnprintf
                  0x001cfc         0x4a c:/program files/microchip/xc16/v2.10/bin/bin/../../lib\libc99-elf.a(__int_vsnprintf.EP_o)
                  0x001cfc                  ___vsnprintf
 .libc.__vsprintf
                  0x001d46          0x8 c:/program files/microchip/xc16/v2.10/bin/bin/../../lib\libc99-elf.a(__int_vsprintf.EP_o)
                  0x001d46                  ___vsprintf
 .libc.do_read    0x001d4e          0x2 c:/program files/microchip/xc16/v2.10/bin/bin/../../lib\libc99-elf.a(__int_vsscanf.EP_o)
                  0x001d4e                  __int_vsscanf.EP_o:_do_read
 .libc.__vsscanf
                  0x001d50         0x1c c:/program files/microchip/xc16/v2.10/bin/bin/../../lib\libc99-elf.a(__int_vsscanf.EP_o)
                  0x001d50                  ___vsscanf
 .libc.__pop_float
                  0x001d6c         0x44 c:/program files/microchip/xc16/v2.10/bin/bin/../../lib\libc99-elf.a(__pop_float.EP_o)
                  0x001d6c                  ___pop_float
                  0x001d6c                  ___pop_float_needed
 .libc.__pop_int
                  0x001db0         0xb0 c:/program files/microchip/xc16/v2.10/bin/bin/../../lib\libc99-elf.a(__pop_int.EP_o)
                  0x001db0                  ___pop_int
                  0x001db0                  ___pop_int_needed
 .libc.__pop_ptr
                  0x001e60         0x70 c:/program files/microchip/xc16/v2.10/bin/bin/../../lib\libc99-elf.a(__pop_ptr.EP_o)
                  0x001e60                  ___pop_ptr_needed
                  0x001e60                  ___pop_ptr
 .libc.__string_out
                  0x001ed0         0x26 c:/program files/microchip/xc16/v2.10/bin/bin/../../lib\libc99-elf.a(__printf_core.EP_o)
 .libc.__pad      0x001ef6         0x74 c:/program files/microchip/xc16/v2.10/bin/bin/../../lib\libc99-elf.a(__printf_core.EP_o)
                  0x001ef6                  ___pad
 .libc.__dummy_fmt3
                  0x001f6a          0x2 c:/program files/microchip/xc16/v2.10/bin/bin/../../lib\libc99-elf.a(__printf_core.EP_o)
 .libc.__dummy_fmt4
                  0x001f6c          0x2 c:/program files/microchip/xc16/v2.10/bin/bin/../../lib\libc99-elf.a(__printf_core.EP_o)
                  0x001f6c                  ___fmt_a
 .libc.__dummy_fmts
                  0x001f6e          0x2 c:/program files/microchip/xc16/v2.10/bin/bin/../../lib\libc99-elf.a(__printf_core.EP_o)
 .libc.__fmt_state
                  0x001f70         0x32 c:/program files/microchip/xc16/v2.10/bin/bin/../../lib\libc99-elf.a(__printf_core.EP_o)
                  0x001f70                  ___fmt_state
 .libc.vfpfcnvrt.clone.0
                  0x001fa2        0x2d8 c:/program files/microchip/xc16/v2.10/bin/bin/../../lib\libc99-elf.a(__printf_core.EP_o)
 .libc.__printf_core
                  0x00227a         0x40 c:/program files/microchip/xc16/v2.10/bin/bin/../../lib\libc99-elf.a(__printf_core.EP_o)
                  0x00227a                  ___printf_core
 .libc.is_inf_nan
                  0x0022ba         0xa2 c:/program files/microchip/xc16/v2.10/bin/bin/../../lib\libc99-elf.a(__scan_fp.EP_o)
 .libc.__scan_fp
                  0x00235c        0x18e c:/program files/microchip/xc16/v2.10/bin/bin/../../lib\libc99-elf.a(__scan_fp.EP_o)
                  0x00235c                  ___scan_a_needed
                  0x00235c                  ___scan_fp
                  0x00235c                  ___scan_f_needed
 .libc.__isspace
                  0x0024ea         0x14 c:/program files/microchip/xc16/v2.10/bin/bin/../../lib\libc99-elf.a(__scanf_core.EP_o)
 .libc.__skipws
                  0x0024fe         0x3a c:/program files/microchip/xc16/v2.10/bin/bin/../../lib\libc99-elf.a(__scanf_core.EP_o)
                  0x0024fe                  ___skipws
 .libc.__consumews
                  0x002538         0x2c c:/program files/microchip/xc16/v2.10/bin/bin/../../lib\libc99-elf.a(__scanf_core.EP_o)
                  0x002538                  ___consumews
 .libc.vfsfcnvrt.clone.0
                  0x002564        0x396 c:/program files/microchip/xc16/v2.10/bin/bin/../../lib\libc99-elf.a(__scanf_core.EP_o)
 .libc.__dummy_scan
                  0x0028fa          0x2 c:/program files/microchip/xc16/v2.10/bin/bin/../../lib\libc99-elf.a(__scanf_core.EP_o)
                  0x0028fa                  ___scan_x
                  0x0028fa                  ___scan_d
                  0x0028fa                  ___scan_i
                  0x0028fa                  ___scan_a
                  0x0028fa                  ___scan_o
                  0x0028fa                  ___scan_u
 .libc.__dummy_scan_s
                  0x0028fc          0x2 c:/program files/microchip/xc16/v2.10/bin/bin/../../lib\libc99-elf.a(__scanf_core.EP_o)
                  0x0028fc                  ___scan_s
 .libc.__scanf_core
                  0x0028fe         0x48 c:/program files/microchip/xc16/v2.10/bin/bin/../../lib\libc99-elf.a(__scanf_core.EP_o)
                  0x0028fe                  ___scanf_core
 .libc.__string_read
                  0x002946         0x44 c:/program files/microchip/xc16/v2.10/bin/bin/../../lib\libc99-elf.a(__string_read.EP_o)
                  0x002946                  ___string_read
 .libc.__isspace
                  0x00298a         0x14 c:/program files/microchip/xc16/v2.10/bin/bin/../../lib\libc99-elf.a(atoi.EP_o)
 .libc.atoi       0x00299e         0x4c c:/program files/microchip/xc16/v2.10/bin/bin/../../lib\libc99-elf.a(atoi.EP_o)
                  0x00299e                  _atoi
 .libc.__isspace
                  0x0029ea         0x14 c:/program files/microchip/xc16/v2.10/bin/bin/../../lib\libc99-elf.a(floatscan.EP_o)
 .libc.scanexp    0x0029fe        0x174 c:/program files/microchip/xc16/v2.10/bin/bin/../../lib\libc99-elf.a(floatscan.EP_o)
 .libc.hexfloat
                  0x002b72        0x532 c:/program files/microchip/xc16/v2.10/bin/bin/../../lib\libc99-elf.a(floatscan.EP_o)
 .libc.decfloat
                  0x0030a4        0x924 c:/program files/microchip/xc16/v2.10/bin/bin/../../lib\libc99-elf.a(floatscan.EP_o)
 .libc.__floatscan
                  0x0039c8        0x22c c:/program files/microchip/xc16/v2.10/bin/bin/../../lib\libc99-elf.a(floatscan.EP_o)
                  0x0039c8                  ___floatscan
 .libc.__isspace
                  0x003bf4         0x14 c:/program files/microchip/xc16/v2.10/bin/bin/../../lib\libc99-elf.a(intscan.EP_o)
 .libc.__intscan
                  0x003c08        0x436 c:/program files/microchip/xc16/v2.10/bin/bin/../../lib\libc99-elf.a(intscan.EP_o)
                  0x003c08                  ___intscan
 .libc.isxdigit
                  0x00403e         0x18 c:/program files/microchip/xc16/v2.10/bin/bin/../../lib\libc99-elf.a(isxdigit.EP_o)
                  0x00403e                  _isxdigit
 .libc.__isxdigit_l
                  0x004056          0x2 c:/program files/microchip/xc16/v2.10/bin/bin/../../lib\libc99-elf.a(isxdigit.EP_o)
                  0x004056                  _isxdigit_l
                  0x004056                  ___isxdigit_l
 .libc.memchr     0x004058         0x5e c:/program files/microchip/xc16/v2.10/bin/bin/../../lib\libc99-elf.a(memchr.EP_o)
                  0x004058                  _memchr
 .libc.memcmp     0x0040b6         0x1c c:/program files/microchip/xc16/v2.10/bin/bin/../../lib\libc99-elf.a(memcmp.EP_o)
                  0x0040b6                  _memcmp
 .libc.memset     0x0040d2         0xc8 c:/program files/microchip/xc16/v2.10/bin/bin/../../lib\libc99-elf.a(memset.EP_o)
                  0x0040d2                  _memset
 .libc.__shlim    0x00419a         0x4a c:/program files/microchip/xc16/v2.10/bin/bin/../../lib\libc99-elf.a(shgetc.EP_o)
                  0x00419a                  ___shlim
 .libc.__shgetc
                  0x0041e4        0x130 c:/program files/microchip/xc16/v2.10/bin/bin/../../lib\libc99-elf.a(shgetc.EP_o)
                  0x0041e4                  ___shgetc
 .libc.__stpcpy
                  0x004314         0x40 c:/program files/microchip/xc16/v2.10/bin/bin/../../lib\libc99-elf.a(stpcpy.EP_o)
                  0x004314                  ___stpcpy
                  0x004314                  _stpcpy
 .libc.strchr     0x004354         0x12 c:/program files/microchip/xc16/v2.10/bin/bin/../../lib\libc99-elf.a(strchr.EP_o)
                  0x004354                  _strchr
 .libc.__strchrnul
                  0x004366         0x58 c:/program files/microchip/xc16/v2.10/bin/bin/../../lib\libc99-elf.a(strchrnul.EP_o)
                  0x004366                  ___strchrnul
                  0x004366                  _strchrnul
 .libc.strlen     0x0043be         0x30 c:/program files/microchip/xc16/v2.10/bin/bin/../../lib\libc99-elf.a(strlen.EP_o)
                  0x0043be                  _strlen
 .libc.tolower    0x0043ee          0xc c:/program files/microchip/xc16/v2.10/bin/bin/../../lib\libc99-elf.a(tolower.EP_o)
                  0x0043ee                  _tolower
 .libc.__tolower_l
                  0x0043fa          0x2 c:/program files/microchip/xc16/v2.10/bin/bin/../../lib\libc99-elf.a(tolower.EP_o)
                  0x0043fa                  ___tolower_l
                  0x0043fa                  _tolower_l
 .libc.toupper    0x0043fc          0xc c:/program files/microchip/xc16/v2.10/bin/bin/../../lib\libc99-elf.a(toupper.EP_o)
                  0x0043fc                  _toupper
 .libc.__toupper_l
                  0x004408          0x2 c:/program files/microchip/xc16/v2.10/bin/bin/../../lib\libc99-elf.a(toupper.EP_o)
                  0x004408                  ___toupper_l
                  0x004408                  _toupper_l
 .libc.__vfprintf
                  0x00440a         0x1c c:/program files/microchip/xc16/v2.10/bin/bin/../../lib\libc99-elf.a(__int_vfprintf.EP_o)
                  0x00440a                  ___vfprintf
 .libc.__vfscanf
                  0x004426         0x1c c:/program files/microchip/xc16/v2.10/bin/bin/../../lib\libc99-elf.a(__int_vfscanf.EP_o)
                  0x004426                  ___vfscanf
 .libc.__push_float
                  0x004442         0x46 c:/program files/microchip/xc16/v2.10/bin/bin/../../lib\libc99-elf.a(__push_float.EP_o)
                  0x004442                  ___push_float
                  0x004442                  ___push_float_needed
 .libc.__push_int
                  0x004488         0x76 c:/program files/microchip/xc16/v2.10/bin/bin/../../lib\libc99-elf.a(__push_int.EP_o)
                  0x004488                  ___push_int
                  0x004488                  ___push_int_needed
 .libc.__towrite_rw
                  0x0044fe         0x1c c:/program files/microchip/xc16/v2.10/bin/bin/../../lib\libc99-elf.a(__towrite_rw.EP_o)
                  0x0044fe                  ___towrite_rw
                  0x0044fe                  ___towrite_rw_needed
 .libc.__uflow    0x00451a         0x2a c:/program files/microchip/xc16/v2.10/bin/bin/../../lib\libc99-elf.a(__uflow.EP_o)
                  0x00451a                  ___uflow
 .libc.__fopen_rw
                  0x004544         0x38 c:/program files/microchip/xc16/v2.10/bin/bin/../../lib\libc99-elf.a(__fopen_rw.EP_o)
                  0x004544                  ___fopen_rw
                  0x004544                  ___fopen_rw_needed
 .libc.__ftello_adj_rw
                  0x00457c         0x36 c:/program files/microchip/xc16/v2.10/bin/bin/../../lib\libc99-elf.a(__ftello_rw.EP_o)
                  0x00457c                  ___ftello_adj_rw
                  0x00457c                  ___ftello_adj_rw_needed
 .libc.__string_out
                  0x0045b2         0x26 c:/program files/microchip/xc16/v2.10/bin/bin/../../lib\libc99-elf.a(__out.EP_o)
 .libc.__fwrite_min
                  0x0045d8          0x4 c:/program files/microchip/xc16/v2.10/bin/bin/../../lib\libc99-elf.a(__out.EP_o)
                  0x0045d8                  ___stdio_write
                  0x0045d8                  ___stdio_write_unbuffered
 .libc.__out      0x0045dc         0x10 c:/program files/microchip/xc16/v2.10/bin/bin/../../lib\libc99-elf.a(__out.EP_o)
                  0x0045dc                  ___out_needed
                  0x0045dc                  ___out
 .libc.__putc     0x0045ec         0x32 c:/program files/microchip/xc16/v2.10/bin/bin/../../lib\libc99-elf.a(__putc.EP_o)
                  0x0045ec                  ___putc_needed
                  0x0045ec                  ___putc
 .libc.__dummy    0x00461e          0x2 c:/program files/microchip/xc16/v2.10/bin/bin/../../lib\libc99-elf.a(__stderr.EP_o)
 .libc.__get_stderr
                  0x004620          0x4 c:/program files/microchip/xc16/v2.10/bin/bin/../../lib\libc99-elf.a(__stderr.EP_o)
                  0x004620                  ___get_stderr
                  0x004620                  ___init_stderr_needed
 .libc.__stdio_close
                  0x004624         0x3e c:/program files/microchip/xc16/v2.10/bin/bin/../../lib\libc99-elf.a(__stdio_close.EP_o)
                  0x004624                  ___stdio_close
 .libc.__stdio_close_rw
                  0x004662         0x58 c:/program files/microchip/xc16/v2.10/bin/bin/../../lib\libc99-elf.a(__stdio_close.EP_o)
                  0x004662                  ___stdio_close_rw
 .libc.__dummy    0x0046ba          0x2 c:/program files/microchip/xc16/v2.10/bin/bin/../../lib\libc99-elf.a(__stdio_exit.EP_o)
                  0x0046ba                  ___stdio_exit_ofl
 .libc.__dummy1
                  0x0046bc          0x2 c:/program files/microchip/xc16/v2.10/bin/bin/../../lib\libc99-elf.a(__stdio_exit.EP_o)
 .libc.__stdio_exit
                  0x0046be         0x14 c:/program files/microchip/xc16/v2.10/bin/bin/../../lib\libc99-elf.a(__stdio_exit.EP_o)
                  0x0046be                  ___stdio_exit_needed
                  0x0046be                  ___stdio_exit
 .libc.__stdio_read
                  0x0046d2         0x6a c:/program files/microchip/xc16/v2.10/bin/bin/../../lib\libc99-elf.a(__stdio_read.EP_o)
                  0x0046d2                  ___stdio_read
 .libc.__stdio_seek_unbuffered
                  0x00473c         0x2a c:/program files/microchip/xc16/v2.10/bin/bin/../../lib\libc99-elf.a(__stdio_seek.EP_o)
                  0x00473c                  ___stdio_seek_needed
                  0x00473c                  ___stdio_seek_unbuffered
 .libc.__stdio_seek
                  0x004766         0x50 c:/program files/microchip/xc16/v2.10/bin/bin/../../lib\libc99-elf.a(__stdio_seek.EP_o)
                  0x004766                  ___stdio_seek
 .libc.__stdio_seek_rw
                  0x0047b6         0x82 c:/program files/microchip/xc16/v2.10/bin/bin/../../lib\libc99-elf.a(__stdio_seek.EP_o)
                  0x0047b6                  ___stdio_seek_rw
 .libc.__dummy    0x004838          0x2 c:/program files/microchip/xc16/v2.10/bin/bin/../../lib\libc99-elf.a(__stdout.EP_o)
 .libc.__get_stdout
                  0x00483a          0x4 c:/program files/microchip/xc16/v2.10/bin/bin/../../lib\libc99-elf.a(__stdout.EP_o)
                  0x00483a                  ___get_stdout
                  0x00483a                  ___init_stdout_needed
 .libc.__toread
                  0x00483e         0x48 c:/program files/microchip/xc16/v2.10/bin/bin/../../lib\libc99-elf.a(__toread.EP_o)
                  0x00483e                  ___toread
 .libc.__toread_needs_stdio_exit
                  0x004886          0x2 c:/program files/microchip/xc16/v2.10/bin/bin/../../lib\libc99-elf.a(__toread.EP_o)
                  0x004886                  ___toread_needs_stdio_exit
 .libc.__simple_malloc
                  0x004888         0x86 c:/program files/microchip/xc16/v2.10/bin/bin/../../lib\libc99-elf.a(lite_malloc.EP_o)
                  0x004888                  ___malloc0
                  0x004888                  _malloc
                  0x004888                  ___simple_malloc
 .libc.__lseek    0x00490e          0xc c:/program files/microchip/xc16/v2.10/bin/bin/../../lib\libc99-elf.a(lseek.EP_o)
                  0x00490e                  _lseek
                  0x00490e                  ___lseek
 .libc.__putc_unbuffered
                  0x00491a         0x2e c:/program files/microchip/xc16/v2.10/bin/bin/../../lib\libc99-elf.a(putc.EP_o)
                  0x00491a                  ___putc_unbuffered
 .libc.putc       0x004948          0x2 c:/program files/microchip/xc16/v2.10/bin/bin/../../lib\libc99-elf.a(putc.EP_o)
                  0x004948                  _putc
                  0x004948                  _fputc
                  0x004948                  _putc_unlocked
                  0x004948                  __IO_putc
 .libc.__readv    0x00494a         0x2e c:/program files/microchip/xc16/v2.10/bin/bin/../../lib\libc99-elf.a(readv.EP_o)
                  0x00494a                  _readv
 .libc.__syscall_ret
                  0x004978         0x14 c:/program files/microchip/xc16/v2.10/bin/bin/../../lib\libc99-elf.a(syscall_ret.EP_o)
                  0x004978                  ___syscall_ret
 .libc.__fclose
                  0x00498c         0x14 c:/program files/microchip/xc16/v2.10/bin/bin/../../lib\libc99-elf.a(__fclose.EP_o)
                  0x00498c                  ___fclose_needed
                  0x00498c                  ___fclose
 .libc.__dummy    0x0049a0          0x6 c:/program files/microchip/xc16/v2.10/bin/bin/../../lib\libc99-elf.a(__fopen.EP_o)
 .libc.__fopen_std
                  0x0049a6         0x26 c:/program files/microchip/xc16/v2.10/bin/bin/../../lib\libc99-elf.a(__fopen.EP_o)
 .libc.__fopen    0x0049cc          0x2 c:/program files/microchip/xc16/v2.10/bin/bin/../../lib\libc99-elf.a(__fopen.EP_o)
                  0x0049cc                  ___fopen
                  0x0049cc                  ___fopen_needed
 .libc.__fseeko
                  0x0049ce          0x4 c:/program files/microchip/xc16/v2.10/bin/bin/../../lib\libc99-elf.a(__fseeko.EP_o)
                  0x0049ce                  ___fseeko_unlocked
                  0x0049ce                  _fseeko
                  0x0049ce                  ___fseeko
                  0x0049ce                  ___fseeko_needed
 .libc.__dummy    0x0049d2         0x20 c:/program files/microchip/xc16/v2.10/bin/bin/../../lib\libc99-elf.a(__ftello.EP_o)
 .libc.__ftello_adj
                  0x0049f2          0x2 c:/program files/microchip/xc16/v2.10/bin/bin/../../lib\libc99-elf.a(__ftello.EP_o)
                  0x0049f2                  ___ftello_adj_needed
                  0x0049f2                  ___ftello_adj
 .libc.__fwrite
                  0x0049f4          0xc c:/program files/microchip/xc16/v2.10/bin/bin/../../lib\libc99-elf.a(__fwrite.EP_o)
                  0x0049f4                  ___fwrite
                  0x0049f4                  ___fwrite_needed
 .libc.__overflow
                  0x004a00         0x50 c:/program files/microchip/xc16/v2.10/bin/bin/../../lib\libc99-elf.a(__overflow.EP_o)
                  0x004a00                  ___overflow
 .libc.__dummy    0x004a50          0x2 c:/program files/microchip/xc16/v2.10/bin/bin/../../lib\libc99-elf.a(__towrite.EP_o)
 .libc.__towrite
                  0x004a52         0x1c c:/program files/microchip/xc16/v2.10/bin/bin/../../lib\libc99-elf.a(__towrite.EP_o)
                  0x004a52                  ___towrite
 .libc.__expand_heap
                  0x004a6e         0x14 c:/program files/microchip/xc16/v2.10/bin/bin/../../lib\libc99-elf.a(expand_heap.EP_o)
                  0x004a6e                  ___expand_heap
 .libc.__dummy    0x004a82          0x2 c:/program files/microchip/xc16/v2.10/bin/bin/../../lib\libc99-elf.a(__init_stdio.EP_o)
                  0x004a82                  ___init_stdout
                  0x004a82                  ___init_stderr
                  0x004a82                  ___init_stdin
 .libc.__init_stdio
                  0x004a84          0x6 c:/program files/microchip/xc16/v2.10/bin/bin/../../lib\libc99-elf.a(__init_stdio.EP_o)
                  0x004a84                  ___init_stdio
                  0x004a84                  ___init_stdio_needed
 .libc.doread     0x004a8a          0x4 c:/program files/microchip/xc16/v2.10/bin/bin/../../lib\libc99-pic30-elf.a(readep.Meo)
 .libc.doclose    0x004a8e          0x4 c:/program files/microchip/xc16/v2.10/bin/bin/../../lib\libc99-pic30-elf.a(closeep.Meo)
 .libc.dowrite    0x004a92          0x4 c:/program files/microchip/xc16/v2.10/bin/bin/../../lib\libc99-pic30-elf.a(writeep.Meo)
 .libm.eqdf2      0x004a96          0xa c:/program files/microchip/xc16/v2.10/bin/bin/../../lib\libc99-pic30-elf.a(deqltle.EP_o)
                  0x004a96                  ___eqdf2
                  0x004a96                  ___ltdf2
                  0x004a96                  ___ledf2
 .libm.gtdf2      0x004aa0          0xa c:/program files/microchip/xc16/v2.10/bin/bin/../../lib\libc99-pic30-elf.a(dgtge.EP_o)
                  0x004aa0                  ___gtdf2
                  0x004aa0                  ___gedf2
 .libm.nedf2      0x004aaa          0xa c:/program files/microchip/xc16/v2.10/bin/bin/../../lib\libc99-pic30-elf.a(dne.EP_o)
                  0x004aaa                  ___nedf2
 .libm.extendsfdf2
                  0x004ab4         0x3e c:/program files/microchip/xc16/v2.10/bin/bin/../../lib\libc99-pic30-elf.a(extendsfdf.EP_o)
                  0x004ab4                  ___extendsfdf2
 .libm.fixdfsi    0x004af2         0x58 c:/program files/microchip/xc16/v2.10/bin/bin/../../lib\libc99-pic30-elf.a(fixdfsi.EP_o)
                  0x004af2                  _(float, int, long long, double, float, short, int)
 .libm.floatsidf
                  0x004b4a          0x6 c:/program files/microchip/xc16/v2.10/bin/bin/../../lib\libc99-pic30-elf.a(floatsidf.EP_o)
                  0x004b4a                  ___floatsidf
 .libm.floatsisf
                  0x004b50          0x6 c:/program files/microchip/xc16/v2.10/bin/bin/../../lib\libc99-pic30-elf.a(floatsisf.EP_o)
                  0x004b50                  ___floatsisf
 .libm.floatunsidf
                  0x004b56          0x4 c:/program files/microchip/xc16/v2.10/bin/bin/../../lib\libc99-pic30-elf.a(floatunsidf.EP_o)
                  0x004b56                  ___floatunsidf
 .libm.truncdfsf2
                  0x004b5a         0x56 c:/program files/microchip/xc16/v2.10/bin/bin/../../lib\libc99-pic30-elf.a(truncdfsf.EP_o)
                  0x004b5a                  ___truncdfsf2
 .libm.umodsi3    0x004bb0          0x6 c:/program files/microchip/xc16/v2.10/bin/bin/../../lib\libc99-pic30-elf.a(umodsi3.EP_o)
                  0x004bb0                  ___umodsi3
 .libm.mulsi3     0x004bb6          0xc c:/program files/microchip/xc16/v2.10/bin/bin/../../lib\libc99-pic30-elf.a(mulsi3.EP_o)
                  0x004bb6                  ___mulp32peds3
                  0x004bb6                  ___mulsi3
                  0x004bb6                  ___mulp32eds3
 .lib_dpfops      0x004bc2         0xa2 c:/program files/microchip/xc16/v2.10/bin/bin/../../lib\libc99-pic30-elf.a(dpadd.EP_o)
                  0x004bc2                  ___subdf3
                  0x004bce                  ___adddf3
 .lib_dpfops      0x004c64        0x15e c:/program files/microchip/xc16/v2.10/bin/bin/../../lib\libc99-pic30-elf.a(dpdiv.EP_o)
                  0x004c64                  ___divdf3
 .lib_dpfops      0x004dc2        0x11a c:/program files/microchip/xc16/v2.10/bin/bin/../../lib\libc99-pic30-elf.a(dpmul.EP_o)
                  0x004dc2                  ___muldf3
 .lib_dpfops      0x004edc        0x128 c:/program files/microchip/xc16/v2.10/bin/bin/../../lib\libc99-pic30-elf.a(dpsubs.EP_o)
                  0x004ef6                  __dxchg
                  0x004f04                  __drshft
                  0x004f5e                  __dupchk
                  0x004fc0                  __drndex
                  0x004fca                  __dnsrnd
                  0x004ff6                  __dpakex
 .libm.__PplusBdi
                  0x005004         0x26 c:/program files/microchip/xc16/v2.10/bin/bin/../../lib\libc99-pic30-elf.a(divmoddi3.EP_o)
 .libm.__PminusBdi
                  0x00502a         0x2a c:/program files/microchip/xc16/v2.10/bin/bin/../../lib\libc99-pic30-elf.a(divmoddi3.EP_o)
 .libm.__udivmoddi3
                  0x005054         0xe6 c:/program files/microchip/xc16/v2.10/bin/bin/../../lib\libc99-pic30-elf.a(divmoddi3.EP_o)
                  0x005054                  ___udivmoddi3
 .libm.__udivdi3
                  0x00513a          0xe c:/program files/microchip/xc16/v2.10/bin/bin/../../lib\libc99-pic30-elf.a(divmoddi3.EP_o)
                  0x00513a                  ___udivdi3
 .libm.__umoddi3
                  0x005148          0x8 c:/program files/microchip/xc16/v2.10/bin/bin/../../lib\libc99-pic30-elf.a(divmoddi3.EP_o)
                  0x005148                  ___umoddi3
 .libm.__divdi3
                  0x005150         0x60 c:/program files/microchip/xc16/v2.10/bin/bin/../../lib\libc99-pic30-elf.a(divmoddi3.EP_o)
                  0x005150                  ___divdi3
 .libm.__moddi3
                  0x0051b0         0x5c c:/program files/microchip/xc16/v2.10/bin/bin/../../lib\libc99-pic30-elf.a(divmoddi3.EP_o)
                  0x0051b0                  ___moddi3
 .libm.__muldi3
                  0x00520c         0x52 c:/program files/microchip/xc16/v2.10/bin/bin/../../lib\libc99-pic30-elf.a(muldi3.EP_o)
                  0x00520c                  ___muldi3
 .libm.dcompare
                  0x00525e         0x52 c:/program files/microchip/xc16/v2.10/bin/bin/../../lib\libc99-pic30-elf.a(dcompare.EP_o)
                  0x00525e                  __dcompare
 .libm.dtype      0x0052b0         0x24 c:/program files/microchip/xc16/v2.10/bin/bin/../../lib\libc99-pic30-elf.a(dtype.EP_o)
                  0x0052b0                  __dtype
 .libm.dunpack    0x0052d4         0x4e c:/program files/microchip/xc16/v2.10/bin/bin/../../lib\libc99-pic30-elf.a(dunpack.EP_o)
                  0x0052d4                  __dunpack
 .libm.dunpack2
                  0x005322         0x32 c:/program files/microchip/xc16/v2.10/bin/bin/../../lib\libc99-pic30-elf.a(dunpack2.EP_o)
                  0x005322                  __dunpack2
                  0x005344                  __dreturnNaN
                  0x00534a                  __dunpack2exit
 .libm.floatdidf
                  0x005354         0x20 c:/program files/microchip/xc16/v2.10/bin/bin/../../lib\libc99-pic30-elf.a(floatdidf.EP_o)
                  0x005354                  ___floatdidf
 .libm.floatdisf
                  0x005374         0x20 c:/program files/microchip/xc16/v2.10/bin/bin/../../lib\libc99-pic30-elf.a(floatdisf.EP_o)
                  0x005374                  ___floatdisf
 .libm.floatundidf
                  0x005394         0x56 c:/program files/microchip/xc16/v2.10/bin/bin/../../lib\libc99-pic30-elf.a(floatundidf.EP_o)
                  0x005394                  ___floatundidf
 .libm.umuldi3    0x0053ea         0x44 c:/program files/microchip/xc16/v2.10/bin/bin/../../lib\libc99-pic30-elf.a(umuldi3.EP_o)
                  0x0053ea                  ___umuldi3
 .libm.dpack      0x00542e         0x58 c:/program files/microchip/xc16/v2.10/bin/bin/../../lib\libc99-pic30-elf.a(dpack.EP_o)
                  0x00542e                  __dpack
 .libm.dPropagateNaN
                  0x005486         0x1e c:/program files/microchip/xc16/v2.10/bin/bin/../../lib\libc99-pic30-elf.a(dpropagateNaN.EP_o)
                  0x005486                  __dPropagateNaN
 .libc.copysignl
                  0x0054a4         0x34 c:/program files/microchip/xc16/v2.10/bin/bin/../../lib\libm-elf.a(copysignl.EP_o)
                  0x0054a4                  _copysignl
 .libc.fabsl      0x0054d8         0x16 c:/program files/microchip/xc16/v2.10/bin/bin/../../lib\libm-elf.a(fabsl.EP_o)
                  0x0054d8                  _fabsl
 .libc.floorl     0x0054ee         0xf8 c:/program files/microchip/xc16/v2.10/bin/bin/../../lib\libm-elf.a(floorl.EP_o)
                  0x0054ee                  _floorl
 .libc.__LONG_DOUBLE_BITS
                  0x0055e6          0x2 c:/program files/microchip/xc16/v2.10/bin/bin/../../lib\libm-elf.a(fmodl.EP_o)
 .libc.fmodl      0x0055e8        0x32c c:/program files/microchip/xc16/v2.10/bin/bin/../../lib\libm-elf.a(fmodl.EP_o)
                  0x0055e8                  _fmodl
 .libc.scalbnf    0x005914         0x54 c:/program files/microchip/xc16/v2.10/bin/bin/../../lib\libm-elf.a(scalbnf.EP_o)
                  0x005914                  _scalbnf
 .libc.scalbnl    0x005968         0x60 c:/program files/microchip/xc16/v2.10/bin/bin/../../lib\libm-elf.a(scalbnl.EP_o)
                  0x005968                  _scalbnl

usercode
 *(usercode)

__FICD
 *(__FICD.sec*)

__FPOR
 *(__FPOR.sec*)

__FWDT
 *(__FWDT.sec*)

__FOSC
 *(__FOSC.sec*)

__FOSCSEL
 *(__FOSCSEL.sec*)

__FGS             0x02affa          0x2
 *(__FGS.sec*)
 __FGS.sec        0x02affa          0x2 /CW/_FGSPçù
                  0x02affa                  __FGS.sec

__FUID0
 *(__FUID0.sec*)

__FUID1
 *(__FUID1.sec*)

__FUID2
 *(__FUID2.sec*)

__FUID3
 *(__FUID3.sec*)

.comment
 *(.comment)

.debug_info       0x000000       0xb0cf
 *(.debug_info)
 .debug_info      0x000000         0xcb build/default/production/mcc_generated_files/where_was_i.o
 .debug_info      0x0000cb        0x968 build/default/production/mcc_generated_files/pin_manager.o
 .debug_info      0x000a33        0x61f build/default/production/mcc_generated_files/traps.o
 .debug_info      0x001052        0x4c8 build/default/production/mcc_generated_files/reset.o
 .debug_info      0x00151a        0x2c8 build/default/production/mcc_generated_files/clock.o
 .debug_info      0x0017e2        0x863 build/default/production/mcc_generated_files/interrupt_manager.o
 .debug_info      0x002045        0x8a1 build/default/production/mcc_generated_files/system.o
 .debug_info      0x0028e6         0xb1 build/default/production/flash.o
 .debug_info      0x002997        0xb86 build/default/production/mcc_generated_files/tmr1.o
 .debug_info      0x00351d        0xfc7 build/default/production/mcc_generated_files/uart1.o
 .debug_info      0x0044e4        0x585 build/default/production/main.o
 .debug_info      0x004a69        0x9cb build/default/production/nvmpic.o
 .debug_info      0x005434       0x1160 build/default/production/commands.o
 .debug_info      0x006594        0x5a0 build/default/production/at.o
 .debug_info      0x006b34       0x1a4e build/default/production/PM.o
 .debug_info      0x008582       0x115f build/default/production/ADC1.o
 .debug_info      0x0096e1         0x8c c:/program files/microchip/xc16/v2.10/bin/bin/../../lib\libc99-pic30-elf.a(divsi3.EP_o)
 .debug_info      0x00976d         0x8d c:/program files/microchip/xc16/v2.10/bin/bin/../../lib\libc99-pic30-elf.a(feqltle.EP_o)
 .debug_info      0x0097fa         0x8b c:/program files/microchip/xc16/v2.10/bin/bin/../../lib\libc99-pic30-elf.a(fgtge.EP_o)
 .debug_info      0x009885         0x90 c:/program files/microchip/xc16/v2.10/bin/bin/../../lib\libc99-pic30-elf.a(fixunssfsi.EP_o)
 .debug_info      0x009915         0x91 c:/program files/microchip/xc16/v2.10/bin/bin/../../lib\libc99-pic30-elf.a(floatunsisf.EP_o)
 .debug_info      0x0099a6         0x8d c:/program files/microchip/xc16/v2.10/bin/bin/../../lib\libc99-pic30-elf.a(funpack.EP_o)
 .debug_info      0x009a33         0x8d c:/program files/microchip/xc16/v2.10/bin/bin/../../lib\libc99-pic30-elf.a(udivsi3.EP_o)
 .debug_info      0x009ac0         0x9d c:/program files/microchip/xc16/v2.10/bin/bin/../../lib\libc99-pic30-elf.a(addsf3x.EP_o)
 .debug_info      0x009b5d         0x9d c:/program files/microchip/xc16/v2.10/bin/bin/../../lib\libc99-pic30-elf.a(divsf3x.EP_o)
 .debug_info      0x009bfa         0x9d c:/program files/microchip/xc16/v2.10/bin/bin/../../lib\libc99-pic30-elf.a(mulsf3x.EP_o)
 .debug_info      0x009c97         0xa0 c:/program files/microchip/xc16/v2.10/bin/bin/../../lib\libc99-pic30-elf.a(dnrmpackfx.EP_o)
 .debug_info      0x009d37         0xa2 c:/program files/microchip/xc16/v2.10/bin/bin/../../lib\libc99-pic30-elf.a(unpackdnrmfx.EP_o)
 .debug_info      0x009dd9         0x9c c:/program files/microchip/xc16/v2.10/bin/bin/../../lib\libc99-pic30-elf.a(typefx.EP_o)
 .debug_info      0x009e75         0x9f c:/program files/microchip/xc16/v2.10/bin/bin/../../lib\libc99-pic30-elf.a(propnanfx.EP_o)
 .debug_info      0x009f14         0x9d c:/program files/microchip/xc16/v2.10/bin/bin/../../lib\libc99-pic30-elf.a(spackfx.EP_o)
 .debug_info      0x009fb1         0x9e c:/program files/microchip/xc16/v2.10/bin/bin/../../lib\libc99-pic30-elf.a(unpackfx.EP_o)
 .debug_info      0x00a04f         0x8e c:/program files/microchip/xc16/v2.10/bin/bin/../../lib\libc99-pic30-elf.a(fcompare.EP_o)
 .debug_info      0x00a0dd         0x91 c:/program files/microchip/xc16/v2.10/bin/bin/../../lib\libc99-pic30-elf.a(floatundisf.EP_o)
 .debug_info      0x00a16e         0x8b c:/program files/microchip/xc16/v2.10/bin/bin/../../lib\libc99-pic30-elf.a(fpack.EP_o)
 .debug_info      0x00a1f9         0x8e c:/program files/microchip/xc16/v2.10/bin/bin/../../lib\libc99-pic30-elf.a(funpack2.EP_o)
 .debug_info      0x00a287         0x8d c:/program files/microchip/xc16/v2.10/bin/bin/../../lib\libc99-pic30-elf.a(deqltle.EP_o)
 .debug_info      0x00a314         0x8b c:/program files/microchip/xc16/v2.10/bin/bin/../../lib\libc99-pic30-elf.a(dgtge.EP_o)
 .debug_info      0x00a39f         0x89 c:/program files/microchip/xc16/v2.10/bin/bin/../../lib\libc99-pic30-elf.a(dne.EP_o)
 .debug_info      0x00a428         0x90 c:/program files/microchip/xc16/v2.10/bin/bin/../../lib\libc99-pic30-elf.a(extendsfdf.EP_o)
 .debug_info      0x00a4b8         0x8d c:/program files/microchip/xc16/v2.10/bin/bin/../../lib\libc99-pic30-elf.a(fixdfsi.EP_o)
 .debug_info      0x00a545         0x8f c:/program files/microchip/xc16/v2.10/bin/bin/../../lib\libc99-pic30-elf.a(floatsidf.EP_o)
 .debug_info      0x00a5d4         0x8f c:/program files/microchip/xc16/v2.10/bin/bin/../../lib\libc99-pic30-elf.a(floatsisf.EP_o)
 .debug_info      0x00a663         0x91 c:/program files/microchip/xc16/v2.10/bin/bin/../../lib\libc99-pic30-elf.a(floatunsidf.EP_o)
 .debug_info      0x00a6f4         0x8f c:/program files/microchip/xc16/v2.10/bin/bin/../../lib\libc99-pic30-elf.a(truncdfsf.EP_o)
 .debug_info      0x00a783         0x8d c:/program files/microchip/xc16/v2.10/bin/bin/../../lib\libc99-pic30-elf.a(umodsi3.EP_o)
 .debug_info      0x00a810         0x8c c:/program files/microchip/xc16/v2.10/bin/bin/../../lib\libc99-pic30-elf.a(mulsi3.EP_o)
 .debug_info      0x00a89c         0xa9 c:/program files/microchip/xc16/v2.10/bin/bin/../../lib\libc99-pic30-elf.a(dpadd.EP_o)
 .debug_info      0x00a945         0xa9 c:/program files/microchip/xc16/v2.10/bin/bin/../../lib\libc99-pic30-elf.a(dpdiv.EP_o)
 .debug_info      0x00a9ee         0xa9 c:/program files/microchip/xc16/v2.10/bin/bin/../../lib\libc99-pic30-elf.a(dpmul.EP_o)
 .debug_info      0x00aa97         0xaa c:/program files/microchip/xc16/v2.10/bin/bin/../../lib\libc99-pic30-elf.a(dpsubs.EP_o)
 .debug_info      0x00ab41         0x8e c:/program files/microchip/xc16/v2.10/bin/bin/../../lib\libc99-pic30-elf.a(dcompare.EP_o)
 .debug_info      0x00abcf         0x8b c:/program files/microchip/xc16/v2.10/bin/bin/../../lib\libc99-pic30-elf.a(dtype.EP_o)
 .debug_info      0x00ac5a         0x8d c:/program files/microchip/xc16/v2.10/bin/bin/../../lib\libc99-pic30-elf.a(dunpack.EP_o)
 .debug_info      0x00ace7         0x8e c:/program files/microchip/xc16/v2.10/bin/bin/../../lib\libc99-pic30-elf.a(dunpack2.EP_o)
 .debug_info      0x00ad75         0x8f c:/program files/microchip/xc16/v2.10/bin/bin/../../lib\libc99-pic30-elf.a(floatdidf.EP_o)
 .debug_info      0x00ae04         0x8f c:/program files/microchip/xc16/v2.10/bin/bin/../../lib\libc99-pic30-elf.a(floatdisf.EP_o)
 .debug_info      0x00ae93         0x91 c:/program files/microchip/xc16/v2.10/bin/bin/../../lib\libc99-pic30-elf.a(floatundidf.EP_o)
 .debug_info      0x00af24         0x8d c:/program files/microchip/xc16/v2.10/bin/bin/../../lib\libc99-pic30-elf.a(umuldi3.EP_o)
 .debug_info      0x00afb1         0x8b c:/program files/microchip/xc16/v2.10/bin/bin/../../lib\libc99-pic30-elf.a(dpack.EP_o)
 .debug_info      0x00b03c         0x93 c:/program files/microchip/xc16/v2.10/bin/bin/../../lib\libc99-pic30-elf.a(dpropagateNaN.EP_o)
 *(.gnu.linkonce.wi.*)

.debug_abbrev     0x000000       0x142a
 *(.debug_abbrev)
 .debug_abbrev    0x000000          0x1 build/default/production/mcc_generated_files/mcc.o
 .debug_abbrev    0x000001         0x14 build/default/production/mcc_generated_files/where_was_i.o
 .debug_abbrev    0x000015         0xc5 build/default/production/mcc_generated_files/pin_manager.o
 .debug_abbrev    0x0000da        0x10d build/default/production/mcc_generated_files/traps.o
 .debug_abbrev    0x0001e7         0xf6 build/default/production/mcc_generated_files/reset.o
 .debug_abbrev    0x0002dd         0x59 build/default/production/mcc_generated_files/clock.o
 .debug_abbrev    0x000336         0xb4 build/default/production/mcc_generated_files/interrupt_manager.o
 .debug_abbrev    0x0003ea        0x14d build/default/production/mcc_generated_files/system.o
 .debug_abbrev    0x000537         0x14 build/default/production/flash.o
 .debug_abbrev    0x00054b        0x1ae build/default/production/mcc_generated_files/tmr1.o
 .debug_abbrev    0x0006f9        0x180 build/default/production/mcc_generated_files/uart1.o
 .debug_abbrev    0x000879         0xe5 build/default/production/main.o
 .debug_abbrev    0x00095e        0x197 build/default/production/nvmpic.o
 .debug_abbrev    0x000af5        0x1a3 build/default/production/commands.o
 .debug_abbrev    0x000c98        0x13c build/default/production/at.o
 .debug_abbrev    0x000dd4        0x1a6 build/default/production/PM.o
 .debug_abbrev    0x000f7a        0x12c build/default/production/ADC1.o
 .debug_abbrev    0x0010a6         0x14 c:/program files/microchip/xc16/v2.10/bin/bin/../../lib\libc99-pic30-elf.a(divsi3.EP_o)
 .debug_abbrev    0x0010ba         0x14 c:/program files/microchip/xc16/v2.10/bin/bin/../../lib\libc99-pic30-elf.a(feqltle.EP_o)
 .debug_abbrev    0x0010ce         0x14 c:/program files/microchip/xc16/v2.10/bin/bin/../../lib\libc99-pic30-elf.a(fgtge.EP_o)
 .debug_abbrev    0x0010e2         0x14 c:/program files/microchip/xc16/v2.10/bin/bin/../../lib\libc99-pic30-elf.a(fixunssfsi.EP_o)
 .debug_abbrev    0x0010f6         0x14 c:/program files/microchip/xc16/v2.10/bin/bin/../../lib\libc99-pic30-elf.a(floatunsisf.EP_o)
 .debug_abbrev    0x00110a         0x14 c:/program files/microchip/xc16/v2.10/bin/bin/../../lib\libc99-pic30-elf.a(funpack.EP_o)
 .debug_abbrev    0x00111e         0x14 c:/program files/microchip/xc16/v2.10/bin/bin/../../lib\libc99-pic30-elf.a(udivsi3.EP_o)
 .debug_abbrev    0x001132         0x14 c:/program files/microchip/xc16/v2.10/bin/bin/../../lib\libc99-pic30-elf.a(addsf3x.EP_o)
 .debug_abbrev    0x001146         0x14 c:/program files/microchip/xc16/v2.10/bin/bin/../../lib\libc99-pic30-elf.a(divsf3x.EP_o)
 .debug_abbrev    0x00115a         0x14 c:/program files/microchip/xc16/v2.10/bin/bin/../../lib\libc99-pic30-elf.a(mulsf3x.EP_o)
 .debug_abbrev    0x00116e         0x14 c:/program files/microchip/xc16/v2.10/bin/bin/../../lib\libc99-pic30-elf.a(dnrmpackfx.EP_o)
 .debug_abbrev    0x001182         0x14 c:/program files/microchip/xc16/v2.10/bin/bin/../../lib\libc99-pic30-elf.a(unpackdnrmfx.EP_o)
 .debug_abbrev    0x001196         0x14 c:/program files/microchip/xc16/v2.10/bin/bin/../../lib\libc99-pic30-elf.a(typefx.EP_o)
 .debug_abbrev    0x0011aa         0x14 c:/program files/microchip/xc16/v2.10/bin/bin/../../lib\libc99-pic30-elf.a(propnanfx.EP_o)
 .debug_abbrev    0x0011be         0x14 c:/program files/microchip/xc16/v2.10/bin/bin/../../lib\libc99-pic30-elf.a(spackfx.EP_o)
 .debug_abbrev    0x0011d2         0x14 c:/program files/microchip/xc16/v2.10/bin/bin/../../lib\libc99-pic30-elf.a(unpackfx.EP_o)
 .debug_abbrev    0x0011e6         0x14 c:/program files/microchip/xc16/v2.10/bin/bin/../../lib\libc99-pic30-elf.a(fcompare.EP_o)
 .debug_abbrev    0x0011fa         0x14 c:/program files/microchip/xc16/v2.10/bin/bin/../../lib\libc99-pic30-elf.a(floatundisf.EP_o)
 .debug_abbrev    0x00120e         0x14 c:/program files/microchip/xc16/v2.10/bin/bin/../../lib\libc99-pic30-elf.a(fpack.EP_o)
 .debug_abbrev    0x001222         0x14 c:/program files/microchip/xc16/v2.10/bin/bin/../../lib\libc99-pic30-elf.a(funpack2.EP_o)
 .debug_abbrev    0x001236         0x14 c:/program files/microchip/xc16/v2.10/bin/bin/../../lib\libc99-pic30-elf.a(deqltle.EP_o)
 .debug_abbrev    0x00124a         0x14 c:/program files/microchip/xc16/v2.10/bin/bin/../../lib\libc99-pic30-elf.a(dgtge.EP_o)
 .debug_abbrev    0x00125e         0x14 c:/program files/microchip/xc16/v2.10/bin/bin/../../lib\libc99-pic30-elf.a(dne.EP_o)
 .debug_abbrev    0x001272         0x14 c:/program files/microchip/xc16/v2.10/bin/bin/../../lib\libc99-pic30-elf.a(extendsfdf.EP_o)
 .debug_abbrev    0x001286         0x14 c:/program files/microchip/xc16/v2.10/bin/bin/../../lib\libc99-pic30-elf.a(fixdfsi.EP_o)
 .debug_abbrev    0x00129a         0x14 c:/program files/microchip/xc16/v2.10/bin/bin/../../lib\libc99-pic30-elf.a(floatsidf.EP_o)
 .debug_abbrev    0x0012ae         0x14 c:/program files/microchip/xc16/v2.10/bin/bin/../../lib\libc99-pic30-elf.a(floatsisf.EP_o)
 .debug_abbrev    0x0012c2         0x14 c:/program files/microchip/xc16/v2.10/bin/bin/../../lib\libc99-pic30-elf.a(floatunsidf.EP_o)
 .debug_abbrev    0x0012d6         0x14 c:/program files/microchip/xc16/v2.10/bin/bin/../../lib\libc99-pic30-elf.a(truncdfsf.EP_o)
 .debug_abbrev    0x0012ea         0x14 c:/program files/microchip/xc16/v2.10/bin/bin/../../lib\libc99-pic30-elf.a(umodsi3.EP_o)
 .debug_abbrev    0x0012fe         0x14 c:/program files/microchip/xc16/v2.10/bin/bin/../../lib\libc99-pic30-elf.a(mulsi3.EP_o)
 .debug_abbrev    0x001312         0x14 c:/program files/microchip/xc16/v2.10/bin/bin/../../lib\libc99-pic30-elf.a(dpadd.EP_o)
 .debug_abbrev    0x001326         0x14 c:/program files/microchip/xc16/v2.10/bin/bin/../../lib\libc99-pic30-elf.a(dpdiv.EP_o)
 .debug_abbrev    0x00133a         0x14 c:/program files/microchip/xc16/v2.10/bin/bin/../../lib\libc99-pic30-elf.a(dpmul.EP_o)
 .debug_abbrev    0x00134e         0x14 c:/program files/microchip/xc16/v2.10/bin/bin/../../lib\libc99-pic30-elf.a(dpsubs.EP_o)
 .debug_abbrev    0x001362         0x14 c:/program files/microchip/xc16/v2.10/bin/bin/../../lib\libc99-pic30-elf.a(dcompare.EP_o)
 .debug_abbrev    0x001376         0x14 c:/program files/microchip/xc16/v2.10/bin/bin/../../lib\libc99-pic30-elf.a(dtype.EP_o)
 .debug_abbrev    0x00138a         0x14 c:/program files/microchip/xc16/v2.10/bin/bin/../../lib\libc99-pic30-elf.a(dunpack.EP_o)
 .debug_abbrev    0x00139e         0x14 c:/program files/microchip/xc16/v2.10/bin/bin/../../lib\libc99-pic30-elf.a(dunpack2.EP_o)
 .debug_abbrev    0x0013b2         0x14 c:/program files/microchip/xc16/v2.10/bin/bin/../../lib\libc99-pic30-elf.a(floatdidf.EP_o)
 .debug_abbrev    0x0013c6         0x14 c:/program files/microchip/xc16/v2.10/bin/bin/../../lib\libc99-pic30-elf.a(floatdisf.EP_o)
 .debug_abbrev    0x0013da         0x14 c:/program files/microchip/xc16/v2.10/bin/bin/../../lib\libc99-pic30-elf.a(floatundidf.EP_o)
 .debug_abbrev    0x0013ee         0x14 c:/program files/microchip/xc16/v2.10/bin/bin/../../lib\libc99-pic30-elf.a(umuldi3.EP_o)
 .debug_abbrev    0x001402         0x14 c:/program files/microchip/xc16/v2.10/bin/bin/../../lib\libc99-pic30-elf.a(dpack.EP_o)
 .debug_abbrev    0x001416         0x14 c:/program files/microchip/xc16/v2.10/bin/bin/../../lib\libc99-pic30-elf.a(dpropagateNaN.EP_o)

.debug_line       0x000000       0x2a9c
 *(.debug_line)
 .debug_line      0x000000         0x1a build/default/production/mcc_generated_files/mcc.o
 .debug_line      0x00001a         0x55 build/default/production/mcc_generated_files/where_was_i.o
 .debug_line      0x00006f        0x159 build/default/production/mcc_generated_files/pin_manager.o
 .debug_line      0x0001c8        0x16a build/default/production/mcc_generated_files/traps.o
 .debug_line      0x000332        0x172 build/default/production/mcc_generated_files/reset.o
 .debug_line      0x0004a4        0x131 build/default/production/mcc_generated_files/clock.o
 .debug_line      0x0005d5        0x136 build/default/production/mcc_generated_files/interrupt_manager.o
 .debug_line      0x00070b        0x1a9 build/default/production/mcc_generated_files/system.o
 .debug_line      0x0008b4         0xbd build/default/production/flash.o
 .debug_line      0x000971        0x174 build/default/production/mcc_generated_files/tmr1.o
 .debug_line      0x000ae5        0x1cb build/default/production/mcc_generated_files/uart1.o
 .debug_line      0x000cb0        0x147 build/default/production/main.o
 .debug_line      0x000df7        0x200 build/default/production/nvmpic.o
 .debug_line      0x000ff7        0x37d build/default/production/commands.o
 .debug_line      0x001374         0xcc build/default/production/at.o
 .debug_line      0x001440        0x253 build/default/production/PM.o
 .debug_line      0x001693        0x160 build/default/production/ADC1.o
 .debug_line      0x0017f3         0x43 c:/program files/microchip/xc16/v2.10/bin/bin/../../lib\libc99-pic30-elf.a(divsi3.EP_o)
 .debug_line      0x001836         0x37 c:/program files/microchip/xc16/v2.10/bin/bin/../../lib\libc99-pic30-elf.a(feqltle.EP_o)
 .debug_line      0x00186d         0x35 c:/program files/microchip/xc16/v2.10/bin/bin/../../lib\libc99-pic30-elf.a(fgtge.EP_o)
 .debug_line      0x0018a2         0x53 c:/program files/microchip/xc16/v2.10/bin/bin/../../lib\libc99-pic30-elf.a(fixunssfsi.EP_o)
 .debug_line      0x0018f5         0x3b c:/program files/microchip/xc16/v2.10/bin/bin/../../lib\libc99-pic30-elf.a(floatunsisf.EP_o)
 .debug_line      0x001930         0x4a c:/program files/microchip/xc16/v2.10/bin/bin/../../lib\libc99-pic30-elf.a(funpack.EP_o)
 .debug_line      0x00197a         0x45 c:/program files/microchip/xc16/v2.10/bin/bin/../../lib\libc99-pic30-elf.a(udivsi3.EP_o)
 .debug_line      0x0019bf        0x136 c:/program files/microchip/xc16/v2.10/bin/bin/../../lib\libc99-pic30-elf.a(addsf3x.EP_o)
 .debug_line      0x001af5        0x124 c:/program files/microchip/xc16/v2.10/bin/bin/../../lib\libc99-pic30-elf.a(divsf3x.EP_o)
 .debug_line      0x001c19         0xcc c:/program files/microchip/xc16/v2.10/bin/bin/../../lib\libc99-pic30-elf.a(mulsf3x.EP_o)
 .debug_line      0x001ce5         0x72 c:/program files/microchip/xc16/v2.10/bin/bin/../../lib\libc99-pic30-elf.a(dnrmpackfx.EP_o)
 .debug_line      0x001d57         0x7a c:/program files/microchip/xc16/v2.10/bin/bin/../../lib\libc99-pic30-elf.a(unpackdnrmfx.EP_o)
 .debug_line      0x001dd1         0x5e c:/program files/microchip/xc16/v2.10/bin/bin/../../lib\libc99-pic30-elf.a(typefx.EP_o)
 .debug_line      0x001e2f         0x51 c:/program files/microchip/xc16/v2.10/bin/bin/../../lib\libc99-pic30-elf.a(propnanfx.EP_o)
 .debug_line      0x001e80         0x98 c:/program files/microchip/xc16/v2.10/bin/bin/../../lib\libc99-pic30-elf.a(spackfx.EP_o)
 .debug_line      0x001f18         0x79 c:/program files/microchip/xc16/v2.10/bin/bin/../../lib\libc99-pic30-elf.a(unpackfx.EP_o)
 .debug_line      0x001f91         0x1a c:/program files/microchip/xc16/v2.10/bin/bin/../../lib\libc99-pic30-elf.a(errno.EP_o)
 .debug_line      0x001fab         0x53 c:/program files/microchip/xc16/v2.10/bin/bin/../../lib\libc99-pic30-elf.a(fcompare.EP_o)
 .debug_line      0x001ffe         0x6c c:/program files/microchip/xc16/v2.10/bin/bin/../../lib\libc99-pic30-elf.a(floatundisf.EP_o)
 .debug_line      0x00206a         0x5a c:/program files/microchip/xc16/v2.10/bin/bin/../../lib\libc99-pic30-elf.a(fpack.EP_o)
 .debug_line      0x0020c4         0x3e c:/program files/microchip/xc16/v2.10/bin/bin/../../lib\libc99-pic30-elf.a(funpack2.EP_o)
 .debug_line      0x002102         0x3a c:/program files/microchip/xc16/v2.10/bin/bin/../../lib\libc99-pic30-elf.a(deqltle.EP_o)
 .debug_line      0x00213c         0x38 c:/program files/microchip/xc16/v2.10/bin/bin/../../lib\libc99-pic30-elf.a(dgtge.EP_o)
 .debug_line      0x002174         0x36 c:/program files/microchip/xc16/v2.10/bin/bin/../../lib\libc99-pic30-elf.a(dne.EP_o)
 .debug_line      0x0021aa         0x59 c:/program files/microchip/xc16/v2.10/bin/bin/../../lib\libc99-pic30-elf.a(extendsfdf.EP_o)
 .debug_line      0x002203         0x61 c:/program files/microchip/xc16/v2.10/bin/bin/../../lib\libc99-pic30-elf.a(fixdfsi.EP_o)
 .debug_line      0x002264         0x3a c:/program files/microchip/xc16/v2.10/bin/bin/../../lib\libc99-pic30-elf.a(floatsidf.EP_o)
 .debug_line      0x00229e         0x3a c:/program files/microchip/xc16/v2.10/bin/bin/../../lib\libc99-pic30-elf.a(floatsisf.EP_o)
 .debug_line      0x0022d8         0x3b c:/program files/microchip/xc16/v2.10/bin/bin/../../lib\libc99-pic30-elf.a(floatunsidf.EP_o)
 .debug_line      0x002313         0x66 c:/program files/microchip/xc16/v2.10/bin/bin/../../lib\libc99-pic30-elf.a(truncdfsf.EP_o)
 .debug_line      0x002379         0x38 c:/program files/microchip/xc16/v2.10/bin/bin/../../lib\libc99-pic30-elf.a(umodsi3.EP_o)
 .debug_line      0x0023b1         0x3a c:/program files/microchip/xc16/v2.10/bin/bin/../../lib\libc99-pic30-elf.a(mulsi3.EP_o)
 .debug_line      0x0023eb         0xa2 c:/program files/microchip/xc16/v2.10/bin/bin/../../lib\libc99-pic30-elf.a(dpadd.EP_o)
 .debug_line      0x00248d        0x100 c:/program files/microchip/xc16/v2.10/bin/bin/../../lib\libc99-pic30-elf.a(dpdiv.EP_o)
 .debug_line      0x00258d         0xde c:/program files/microchip/xc16/v2.10/bin/bin/../../lib\libc99-pic30-elf.a(dpmul.EP_o)
 .debug_line      0x00266b         0xe8 c:/program files/microchip/xc16/v2.10/bin/bin/../../lib\libc99-pic30-elf.a(dpsubs.EP_o)
 .debug_line      0x002753         0x5f c:/program files/microchip/xc16/v2.10/bin/bin/../../lib\libc99-pic30-elf.a(dcompare.EP_o)
 .debug_line      0x0027b2         0x45 c:/program files/microchip/xc16/v2.10/bin/bin/../../lib\libc99-pic30-elf.a(dtype.EP_o)
 .debug_line      0x0027f7         0x5c c:/program files/microchip/xc16/v2.10/bin/bin/../../lib\libc99-pic30-elf.a(dunpack.EP_o)
 .debug_line      0x002853         0x53 c:/program files/microchip/xc16/v2.10/bin/bin/../../lib\libc99-pic30-elf.a(dunpack2.EP_o)
 .debug_line      0x0028a6         0x47 c:/program files/microchip/xc16/v2.10/bin/bin/../../lib\libc99-pic30-elf.a(floatdidf.EP_o)
 .debug_line      0x0028ed         0x47 c:/program files/microchip/xc16/v2.10/bin/bin/../../lib\libc99-pic30-elf.a(floatdisf.EP_o)
 .debug_line      0x002934         0x68 c:/program files/microchip/xc16/v2.10/bin/bin/../../lib\libc99-pic30-elf.a(floatundidf.EP_o)
 .debug_line      0x00299c         0x57 c:/program files/microchip/xc16/v2.10/bin/bin/../../lib\libc99-pic30-elf.a(umuldi3.EP_o)
 .debug_line      0x0029f3         0x5f c:/program files/microchip/xc16/v2.10/bin/bin/../../lib\libc99-pic30-elf.a(dpack.EP_o)
 .debug_line      0x002a52         0x4a c:/program files/microchip/xc16/v2.10/bin/bin/../../lib\libc99-pic30-elf.a(dpropagateNaN.EP_o)

.debug_frame      0x000000       0x107e
 *(.debug_frame)
 .debug_frame     0x000000         0x2e build/default/production/mcc_generated_files/pin_manager.o
 .debug_frame     0x00002e        0x1fa build/default/production/mcc_generated_files/traps.o
 .debug_frame     0x000228        0x118 build/default/production/mcc_generated_files/reset.o
 .debug_frame     0x000340         0x2e build/default/production/mcc_generated_files/clock.o
 .debug_frame     0x00036e         0x2e build/default/production/mcc_generated_files/interrupt_manager.o
 .debug_frame     0x00039c         0x62 build/default/production/mcc_generated_files/system.o
 .debug_frame     0x0003fe        0x18a build/default/production/mcc_generated_files/tmr1.o
 .debug_frame     0x000588        0x1ea build/default/production/mcc_generated_files/uart1.o
 .debug_frame     0x000772         0x48 build/default/production/main.o
 .debug_frame     0x0007ba        0x1d8 build/default/production/nvmpic.o
 .debug_frame     0x000992         0xfa build/default/production/commands.o
 .debug_frame     0x000a8c        0x190 build/default/production/at.o
 .debug_frame     0x000c1c        0x374 build/default/production/PM.o
 .debug_frame     0x000f90         0xee build/default/production/ADC1.o

.debug_str        0x000000        0x3b5
 *(.debug_str)
 .debug_str       0x000000         0x16 build/default/production/mcc_generated_files/pin_manager.o
 .debug_str       0x000016         0x24 build/default/production/mcc_generated_files/traps.o
 .debug_str       0x00003a         0x17 build/default/production/mcc_generated_files/reset.o
 .debug_str       0x000051         0x25 build/default/production/mcc_generated_files/interrupt_manager.o
 .debug_str       0x000076          0xc build/default/production/mcc_generated_files/system.o
 .debug_str       0x000082         0x45 build/default/production/mcc_generated_files/tmr1.o
 .debug_str       0x0000c7         0x27 build/default/production/mcc_generated_files/uart1.o
 .debug_str       0x0000ee          0xc build/default/production/main.o
 .debug_str       0x0000fa         0x71 build/default/production/nvmpic.o
 .debug_str       0x00016b         0xfa build/default/production/commands.o
 .debug_str       0x000265         0x70 build/default/production/at.o
 .debug_str       0x0002d5         0x80 build/default/production/PM.o
 .debug_str       0x000355         0x60 build/default/production/ADC1.o

.debug_loc
 *(.debug_loc)

.debug_macinfo
 *(.debug_macinfo)

.debug_pubnames
                  0x000000        0xb5e
 *(.debug_pubnames)
 .debug_pubnames
                  0x000000         0x2d build/default/production/mcc_generated_files/pin_manager.o
 .debug_pubnames
                  0x00002d         0xa4 build/default/production/mcc_generated_files/traps.o
 .debug_pubnames
                  0x0000d1         0x54 build/default/production/mcc_generated_files/reset.o
 .debug_pubnames
                  0x000125         0x27 build/default/production/mcc_generated_files/clock.o
 .debug_pubnames
                  0x00014c         0x2b build/default/production/mcc_generated_files/interrupt_manager.o
 .debug_pubnames
                  0x000177         0x28 build/default/production/mcc_generated_files/system.o
 .debug_pubnames
                  0x00019f        0x156 build/default/production/mcc_generated_files/tmr1.o
 .debug_pubnames
                  0x0002f5        0x147 build/default/production/mcc_generated_files/uart1.o
 .debug_pubnames
                  0x00043c         0x38 build/default/production/main.o
 .debug_pubnames
                  0x000474        0x160 build/default/production/nvmpic.o
 .debug_pubnames
                  0x0005d4        0x17b build/default/production/commands.o
 .debug_pubnames
                  0x00074f        0x1be build/default/production/at.o
 .debug_pubnames
                  0x00090d        0x1c3 build/default/production/PM.o
 .debug_pubnames
                  0x000ad0         0x8e build/default/production/ADC1.o

.debug_ranges
 *(.debug_ranges)

.debug_aranges    0x000000        0x730
 *(.debug_aranges)
 .debug_aranges
                  0x000000         0x20 build/default/production/mcc_generated_files/where_was_i.o
 .debug_aranges
                  0x000020         0x18 build/default/production/mcc_generated_files/pin_manager.o
 .debug_aranges
                  0x000038         0x18 build/default/production/mcc_generated_files/traps.o
 .debug_aranges
                  0x000050         0x18 build/default/production/mcc_generated_files/reset.o
 .debug_aranges
                  0x000068         0x18 build/default/production/mcc_generated_files/clock.o
 .debug_aranges
                  0x000080         0x18 build/default/production/mcc_generated_files/interrupt_manager.o
 .debug_aranges
                  0x000098         0x18 build/default/production/mcc_generated_files/system.o
 .debug_aranges
                  0x0000b0         0x20 build/default/production/flash.o
 .debug_aranges
                  0x0000d0         0x18 build/default/production/mcc_generated_files/tmr1.o
 .debug_aranges
                  0x0000e8         0x18 build/default/production/mcc_generated_files/uart1.o
 .debug_aranges
                  0x000100         0x18 build/default/production/main.o
 .debug_aranges
                  0x000118         0x18 build/default/production/nvmpic.o
 .debug_aranges
                  0x000130         0x18 build/default/production/commands.o
 .debug_aranges
                  0x000148         0x18 build/default/production/at.o
 .debug_aranges
                  0x000160         0x18 build/default/production/PM.o
 .debug_aranges
                  0x000178         0x18 build/default/production/ADC1.o
 .debug_aranges
                  0x000190         0x20 c:/program files/microchip/xc16/v2.10/bin/bin/../../lib\libc99-pic30-elf.a(divsi3.EP_o)
 .debug_aranges
                  0x0001b0         0x20 c:/program files/microchip/xc16/v2.10/bin/bin/../../lib\libc99-pic30-elf.a(feqltle.EP_o)
 .debug_aranges
                  0x0001d0         0x20 c:/program files/microchip/xc16/v2.10/bin/bin/../../lib\libc99-pic30-elf.a(fgtge.EP_o)
 .debug_aranges
                  0x0001f0         0x20 c:/program files/microchip/xc16/v2.10/bin/bin/../../lib\libc99-pic30-elf.a(fixunssfsi.EP_o)
 .debug_aranges
                  0x000210         0x20 c:/program files/microchip/xc16/v2.10/bin/bin/../../lib\libc99-pic30-elf.a(floatunsisf.EP_o)
 .debug_aranges
                  0x000230         0x20 c:/program files/microchip/xc16/v2.10/bin/bin/../../lib\libc99-pic30-elf.a(funpack.EP_o)
 .debug_aranges
                  0x000250         0x20 c:/program files/microchip/xc16/v2.10/bin/bin/../../lib\libc99-pic30-elf.a(udivsi3.EP_o)
 .debug_aranges
                  0x000270         0x20 c:/program files/microchip/xc16/v2.10/bin/bin/../../lib\libc99-pic30-elf.a(addsf3x.EP_o)
 .debug_aranges
                  0x000290         0x20 c:/program files/microchip/xc16/v2.10/bin/bin/../../lib\libc99-pic30-elf.a(divsf3x.EP_o)
 .debug_aranges
                  0x0002b0         0x20 c:/program files/microchip/xc16/v2.10/bin/bin/../../lib\libc99-pic30-elf.a(mulsf3x.EP_o)
 .debug_aranges
                  0x0002d0         0x20 c:/program files/microchip/xc16/v2.10/bin/bin/../../lib\libc99-pic30-elf.a(dnrmpackfx.EP_o)
 .debug_aranges
                  0x0002f0         0x20 c:/program files/microchip/xc16/v2.10/bin/bin/../../lib\libc99-pic30-elf.a(unpackdnrmfx.EP_o)
 .debug_aranges
                  0x000310         0x20 c:/program files/microchip/xc16/v2.10/bin/bin/../../lib\libc99-pic30-elf.a(typefx.EP_o)
 .debug_aranges
                  0x000330         0x20 c:/program files/microchip/xc16/v2.10/bin/bin/../../lib\libc99-pic30-elf.a(propnanfx.EP_o)
 .debug_aranges
                  0x000350         0x20 c:/program files/microchip/xc16/v2.10/bin/bin/../../lib\libc99-pic30-elf.a(spackfx.EP_o)
 .debug_aranges
                  0x000370         0x20 c:/program files/microchip/xc16/v2.10/bin/bin/../../lib\libc99-pic30-elf.a(unpackfx.EP_o)
 .debug_aranges
                  0x000390         0x20 c:/program files/microchip/xc16/v2.10/bin/bin/../../lib\libc99-pic30-elf.a(fcompare.EP_o)
 .debug_aranges
                  0x0003b0         0x20 c:/program files/microchip/xc16/v2.10/bin/bin/../../lib\libc99-pic30-elf.a(floatundisf.EP_o)
 .debug_aranges
                  0x0003d0         0x20 c:/program files/microchip/xc16/v2.10/bin/bin/../../lib\libc99-pic30-elf.a(fpack.EP_o)
 .debug_aranges
                  0x0003f0         0x20 c:/program files/microchip/xc16/v2.10/bin/bin/../../lib\libc99-pic30-elf.a(funpack2.EP_o)
 .debug_aranges
                  0x000410         0x20 c:/program files/microchip/xc16/v2.10/bin/bin/../../lib\libc99-pic30-elf.a(deqltle.EP_o)
 .debug_aranges
                  0x000430         0x20 c:/program files/microchip/xc16/v2.10/bin/bin/../../lib\libc99-pic30-elf.a(dgtge.EP_o)
 .debug_aranges
                  0x000450         0x20 c:/program files/microchip/xc16/v2.10/bin/bin/../../lib\libc99-pic30-elf.a(dne.EP_o)
 .debug_aranges
                  0x000470         0x20 c:/program files/microchip/xc16/v2.10/bin/bin/../../lib\libc99-pic30-elf.a(extendsfdf.EP_o)
 .debug_aranges
                  0x000490         0x20 c:/program files/microchip/xc16/v2.10/bin/bin/../../lib\libc99-pic30-elf.a(fixdfsi.EP_o)
 .debug_aranges
                  0x0004b0         0x20 c:/program files/microchip/xc16/v2.10/bin/bin/../../lib\libc99-pic30-elf.a(floatsidf.EP_o)
 .debug_aranges
                  0x0004d0         0x20 c:/program files/microchip/xc16/v2.10/bin/bin/../../lib\libc99-pic30-elf.a(floatsisf.EP_o)
 .debug_aranges
                  0x0004f0         0x20 c:/program files/microchip/xc16/v2.10/bin/bin/../../lib\libc99-pic30-elf.a(floatunsidf.EP_o)
 .debug_aranges
                  0x000510         0x20 c:/program files/microchip/xc16/v2.10/bin/bin/../../lib\libc99-pic30-elf.a(truncdfsf.EP_o)
 .debug_aranges
                  0x000530         0x20 c:/program files/microchip/xc16/v2.10/bin/bin/../../lib\libc99-pic30-elf.a(umodsi3.EP_o)
 .debug_aranges
                  0x000550         0x20 c:/program files/microchip/xc16/v2.10/bin/bin/../../lib\libc99-pic30-elf.a(mulsi3.EP_o)
 .debug_aranges
                  0x000570         0x20 c:/program files/microchip/xc16/v2.10/bin/bin/../../lib\libc99-pic30-elf.a(dpadd.EP_o)
 .debug_aranges
                  0x000590         0x20 c:/program files/microchip/xc16/v2.10/bin/bin/../../lib\libc99-pic30-elf.a(dpdiv.EP_o)
 .debug_aranges
                  0x0005b0         0x20 c:/program files/microchip/xc16/v2.10/bin/bin/../../lib\libc99-pic30-elf.a(dpmul.EP_o)
 .debug_aranges
                  0x0005d0         0x20 c:/program files/microchip/xc16/v2.10/bin/bin/../../lib\libc99-pic30-elf.a(dpsubs.EP_o)
 .debug_aranges
                  0x0005f0         0x20 c:/program files/microchip/xc16/v2.10/bin/bin/../../lib\libc99-pic30-elf.a(dcompare.EP_o)
 .debug_aranges
                  0x000610         0x20 c:/program files/microchip/xc16/v2.10/bin/bin/../../lib\libc99-pic30-elf.a(dtype.EP_o)
 .debug_aranges
                  0x000630         0x20 c:/program files/microchip/xc16/v2.10/bin/bin/../../lib\libc99-pic30-elf.a(dunpack.EP_o)
 .debug_aranges
                  0x000650         0x20 c:/program files/microchip/xc16/v2.10/bin/bin/../../lib\libc99-pic30-elf.a(dunpack2.EP_o)
 .debug_aranges
                  0x000670         0x20 c:/program files/microchip/xc16/v2.10/bin/bin/../../lib\libc99-pic30-elf.a(floatdidf.EP_o)
 .debug_aranges
                  0x000690         0x20 c:/program files/microchip/xc16/v2.10/bin/bin/../../lib\libc99-pic30-elf.a(floatdisf.EP_o)
 .debug_aranges
                  0x0006b0         0x20 c:/program files/microchip/xc16/v2.10/bin/bin/../../lib\libc99-pic30-elf.a(floatundidf.EP_o)
 .debug_aranges
                  0x0006d0         0x20 c:/program files/microchip/xc16/v2.10/bin/bin/../../lib\libc99-pic30-elf.a(umuldi3.EP_o)
 .debug_aranges
                  0x0006f0         0x20 c:/program files/microchip/xc16/v2.10/bin/bin/../../lib\libc99-pic30-elf.a(dpack.EP_o)
 .debug_aranges
                  0x000710         0x20 c:/program files/microchip/xc16/v2.10/bin/bin/../../lib\libc99-pic30-elf.a(dpropagateNaN.EP_o)
                    0x0000                  WREG0 = 0x0
                    0x0000                  _WREG0 = 0x0
                    0x0002                  WREG1 = 0x2
                    0x0002                  _WREG1 = 0x2
                    0x0004                  WREG2 = 0x4
                    0x0004                  _WREG2 = 0x4
                    0x0006                  WREG3 = 0x6
                    0x0006                  _WREG3 = 0x6
                    0x0008                  WREG4 = 0x8
                    0x0008                  _WREG4 = 0x8
                    0x000a                  WREG5 = 0xa
                    0x000a                  _WREG5 = 0xa
                    0x000c                  WREG6 = 0xc
                    0x000c                  _WREG6 = 0xc
                    0x000e                  WREG7 = 0xe
                    0x000e                  _WREG7 = 0xe
                    0x0010                  WREG8 = 0x10
                    0x0010                  _WREG8 = 0x10
                    0x0012                  WREG9 = 0x12
                    0x0012                  _WREG9 = 0x12
                    0x0014                  WREG10 = 0x14
                    0x0014                  _WREG10 = 0x14
                    0x0016                  WREG11 = 0x16
                    0x0016                  _WREG11 = 0x16
                    0x0018                  WREG12 = 0x18
                    0x0018                  _WREG12 = 0x18
                    0x001a                  WREG13 = 0x1a
                    0x001a                  _WREG13 = 0x1a
                    0x001c                  WREG14 = 0x1c
                    0x001c                  _WREG14 = 0x1c
                    0x001e                  WREG15 = 0x1e
                    0x001e                  _WREG15 = 0x1e
                    0x0020                  SPLIM = 0x20
                    0x0020                  _SPLIM = 0x20
                    0x0022                  ACCAL = 0x22
                    0x0022                  _ACCAL = 0x22
                    0x0024                  ACCAH = 0x24
                    0x0024                  _ACCAH = 0x24
                    0x0026                  ACCAU = 0x26
                    0x0026                  _ACCAU = 0x26
                    0x0028                  ACCBL = 0x28
                    0x0028                  _ACCBL = 0x28
                    0x002a                  ACCBH = 0x2a
                    0x002a                  _ACCBH = 0x2a
                    0x002c                  ACCBU = 0x2c
                    0x002c                  _ACCBU = 0x2c
                    0x002e                  PCL = 0x2e
                    0x002e                  _PCL = 0x2e
                    0x0030                  PCH = 0x30
                    0x0030                  _PCH = 0x30
                    0x0032                  DSRPAG = 0x32
                    0x0032                  _DSRPAG = 0x32
                    0x0032                  _DSRPAGbits = 0x32
                    0x0034                  DSWPAG = 0x34
                    0x0034                  _DSWPAG = 0x34
                    0x0034                  _DSWPAGbits = 0x34
                    0x0036                  RCOUNT = 0x36
                    0x0036                  _RCOUNT = 0x36
                    0x0038                  DCOUNT = 0x38
                    0x0038                  _DCOUNT = 0x38
                    0x003a                  DOSTARTL = 0x3a
                    0x003a                  _DOSTARTL = 0x3a
                    0x003c                  DOSTARTH = 0x3c
                    0x003c                  _DOSTARTH = 0x3c
                    0x003e                  DOENDL = 0x3e
                    0x003e                  _DOENDL = 0x3e
                    0x0040                  DOENDH = 0x40
                    0x0040                  _DOENDH = 0x40
                    0x0042                  SR = 0x42
                    0x0042                  _SR = 0x42
                    0x0042                  _SRbits = 0x42
                    0x0044                  CORCON = 0x44
                    0x0044                  _CORCON = 0x44
                    0x0044                  _CORCONbits = 0x44
                    0x0046                  MODCON = 0x46
                    0x0046                  _MODCON = 0x46
                    0x0046                  _MODCONbits = 0x46
                    0x0048                  XMODSRT = 0x48
                    0x0048                  _XMODSRT = 0x48
                    0x004a                  XMODEND = 0x4a
                    0x004a                  _XMODEND = 0x4a
                    0x004c                  YMODSRT = 0x4c
                    0x004c                  _YMODSRT = 0x4c
                    0x004e                  YMODEND = 0x4e
                    0x004e                  _YMODEND = 0x4e
                    0x0050                  XBREV = 0x50
                    0x0050                  _XBREV = 0x50
                    0x0050                  _XBREVbits = 0x50
                    0x0052                  DISICNT = 0x52
                    0x0052                  _DISICNT = 0x52
                    0x0054                  TBLPAG = 0x54
                    0x0054                  _TBLPAG = 0x54
                    0x0054                  _TBLPAGbits = 0x54
                    0x0058                  MSTRPR = 0x58
                    0x0058                  _MSTRPR = 0x58
                    0x0100                  TMR1 = 0x100
                    0x0100                  _TMR1 = 0x100
                    0x0102                  PR1 = 0x102
                    0x0102                  _PR1 = 0x102
                    0x0104                  T1CON = 0x104
                    0x0104                  _T1CON = 0x104
                    0x0104                  _T1CONbits = 0x104
                    0x0106                  TMR2 = 0x106
                    0x0106                  _TMR2 = 0x106
                    0x0108                  TMR3HLD = 0x108
                    0x0108                  _TMR3HLD = 0x108
                    0x010a                  TMR3 = 0x10a
                    0x010a                  _TMR3 = 0x10a
                    0x010c                  PR2 = 0x10c
                    0x010c                  _PR2 = 0x10c
                    0x010e                  PR3 = 0x10e
                    0x010e                  _PR3 = 0x10e
                    0x0110                  T2CON = 0x110
                    0x0110                  _T2CON = 0x110
                    0x0110                  _T2CONbits = 0x110
                    0x0112                  T3CON = 0x112
                    0x0112                  _T3CON = 0x112
                    0x0112                  _T3CONbits = 0x112
                    0x0114                  TMR4 = 0x114
                    0x0114                  _TMR4 = 0x114
                    0x0116                  TMR5HLD = 0x116
                    0x0116                  _TMR5HLD = 0x116
                    0x0118                  TMR5 = 0x118
                    0x0118                  _TMR5 = 0x118
                    0x011a                  PR4 = 0x11a
                    0x011a                  _PR4 = 0x11a
                    0x011c                  PR5 = 0x11c
                    0x011c                  _PR5 = 0x11c
                    0x011e                  T4CON = 0x11e
                    0x011e                  _T4CON = 0x11e
                    0x011e                  _T4CONbits = 0x11e
                    0x0120                  T5CON = 0x120
                    0x0120                  _T5CON = 0x120
                    0x0120                  _T5CONbits = 0x120
                    0x0140                  IC1CON1 = 0x140
                    0x0140                  _IC1CON1 = 0x140
                    0x0140                  _IC1CON1bits = 0x140
                    0x0142                  IC1CON2 = 0x142
                    0x0142                  _IC1CON2 = 0x142
                    0x0142                  _IC1CON2bits = 0x142
                    0x0144                  IC1BUF = 0x144
                    0x0144                  _IC1BUF = 0x144
                    0x0146                  IC1TMR = 0x146
                    0x0146                  _IC1TMR = 0x146
                    0x0148                  IC2CON1 = 0x148
                    0x0148                  _IC2CON1 = 0x148
                    0x0148                  _IC2CON1bits = 0x148
                    0x014a                  IC2CON2 = 0x14a
                    0x014a                  _IC2CON2 = 0x14a
                    0x014a                  _IC2CON2bits = 0x14a
                    0x014c                  IC2BUF = 0x14c
                    0x014c                  _IC2BUF = 0x14c
                    0x014e                  IC2TMR = 0x14e
                    0x014e                  _IC2TMR = 0x14e
                    0x0150                  IC3CON1 = 0x150
                    0x0150                  _IC3CON1 = 0x150
                    0x0150                  _IC3CON1bits = 0x150
                    0x0152                  IC3CON2 = 0x152
                    0x0152                  _IC3CON2 = 0x152
                    0x0152                  _IC3CON2bits = 0x152
                    0x0154                  IC3BUF = 0x154
                    0x0154                  _IC3BUF = 0x154
                    0x0156                  IC3TMR = 0x156
                    0x0156                  _IC3TMR = 0x156
                    0x0158                  IC4CON1 = 0x158
                    0x0158                  _IC4CON1 = 0x158
                    0x0158                  _IC4CON1bits = 0x158
                    0x015a                  IC4CON2 = 0x15a
                    0x015a                  _IC4CON2 = 0x15a
                    0x015a                  _IC4CON2bits = 0x15a
                    0x015c                  IC4BUF = 0x15c
                    0x015c                  _IC4BUF = 0x15c
                    0x015e                  IC4TMR = 0x15e
                    0x015e                  _IC4TMR = 0x15e
                    0x0200                  I2C1RCV = 0x200
                    0x0200                  _I2C1RCV = 0x200
                    0x0202                  I2C1TRN = 0x202
                    0x0202                  _I2C1TRN = 0x202
                    0x0204                  I2C1BRG = 0x204
                    0x0204                  _I2C1BRG = 0x204
                    0x0206                  I2C1CON = 0x206
                    0x0206                  _I2C1CON = 0x206
                    0x0206                  _I2C1CONbits = 0x206